Archive member included because of file (symbol)

../../bcrypt.a(bcrypt.o)      winpgnt.o (buncrypt_string_base64)
../../mini.a(mini.o)          kitty_commun.o (readINI)
c:/mingw/bin/../lib/gcc/mingw32/4.8.1/../../../../mingw32/lib/libadvapi32.a(dofzs00245.o)
                              winmisc.o (GetUserNameA@8)
c:/mingw/bin/../lib/gcc/mingw32/4.8.1/../../../../mingw32/lib/libadvapi32.a(dofzs00196.o)
                              winpgnt.o (GetLengthSid@4)
c:/mingw/bin/../lib/gcc/mingw32/4.8.1/../../../../mingw32/lib/libadvapi32.a(dofzs00083.o)
                              winpgnt.o (CopySid@12)
c:/mingw/bin/../lib/gcc/mingw32/4.8.1/../../../../mingw32/lib/libadvapi32.a(dofzs00412.o)
                              winpgnt.o (RegOpenKeyA@12)
c:/mingw/bin/../lib/gcc/mingw32/4.8.1/../../../../mingw32/lib/libadvapi32.a(dofzs00172.o)
                              winpgnt.o (EqualSid@8)
c:/mingw/bin/../lib/gcc/mingw32/4.8.1/../../../../mingw32/lib/libadvapi32.a(dofzs00400.o)
                              winpgnt.o (RegEnumKeyA@16)
c:/mingw/bin/../lib/gcc/mingw32/4.8.1/../../../../mingw32/lib/libadvapi32.a(dofzs00386.o)
                              winpgnt.o (RegCloseKey@4)
c:/mingw/bin/../lib/gcc/mingw32/4.8.1/../../../../mingw32/lib/libadvapi32.a(dofzs00120.o)
                              wincapi.o (CryptReleaseContext@8)
c:/mingw/bin/../lib/gcc/mingw32/4.8.1/../../../../mingw32/lib/libadvapi32.a(dofzs00096.o)
                              wincapi.o (CryptCreateHash@20)
c:/mingw/bin/../lib/gcc/mingw32/4.8.1/../../../../mingw32/lib/libadvapi32.a(dofzs00117.o)
                              wincapi.o (CryptHashData@16)
c:/mingw/bin/../lib/gcc/mingw32/4.8.1/../../../../mingw32/lib/libadvapi32.a(dofzs00128.o)
                              wincapi.o (CryptSignHashA@24)
c:/mingw/bin/../lib/gcc/mingw32/4.8.1/../../../../mingw32/lib/libadvapi32.a(dofzs00099.o)
                              wincapi.o (CryptDestroyHash@4)
c:/mingw/bin/../lib/gcc/mingw32/4.8.1/../../../../mingw32/lib/libadvapi32.a(dofzh.o)
                              c:/mingw/bin/../lib/gcc/mingw32/4.8.1/../../../../mingw32/lib/libadvapi32.a(dofzs00245.o) (_head_libadvapi32_a)
c:/mingw/bin/../lib/gcc/mingw32/4.8.1/../../../../mingw32/lib/libadvapi32.a(dofzt.o)
                              c:/mingw/bin/../lib/gcc/mingw32/4.8.1/../../../../mingw32/lib/libadvapi32.a(dofzh.o) (_libadvapi32_a_iname)
c:/mingw/bin/../lib/gcc/mingw32/4.8.1/../../../../mingw32/lib/libcomdlg32.a(dorqs00011.o)
                              winutils.o (GetSaveFileNameA@4)
c:/mingw/bin/../lib/gcc/mingw32/4.8.1/../../../../mingw32/lib/libcomdlg32.a(dorqs00009.o)
                              winutils.o (GetOpenFileNameA@4)
c:/mingw/bin/../lib/gcc/mingw32/4.8.1/../../../../mingw32/lib/libcomdlg32.a(dorqh.o)
                              c:/mingw/bin/../lib/gcc/mingw32/4.8.1/../../../../mingw32/lib/libcomdlg32.a(dorqs00011.o) (_head_libcomdlg32_a)
c:/mingw/bin/../lib/gcc/mingw32/4.8.1/../../../../mingw32/lib/libcomdlg32.a(dorqt.o)
                              c:/mingw/bin/../lib/gcc/mingw32/4.8.1/../../../../mingw32/lib/libcomdlg32.a(dorqh.o) (_libcomdlg32_a_iname)
c:/mingw/bin/../lib/gcc/mingw32/4.8.1/../../../../mingw32/lib/libgdi32.a(dikqs00201.o)
                              winpgnt.o (GetStockObject@4)
c:/mingw/bin/../lib/gcc/mingw32/4.8.1/../../../../mingw32/lib/libgdi32.a(dikqh.o)
                              c:/mingw/bin/../lib/gcc/mingw32/4.8.1/../../../../mingw32/lib/libgdi32.a(dikqs00201.o) (_head_libgdi32_a)
c:/mingw/bin/../lib/gcc/mingw32/4.8.1/../../../../mingw32/lib/libgdi32.a(dikqt.o)
                              c:/mingw/bin/../lib/gcc/mingw32/4.8.1/../../../../mingw32/lib/libgdi32.a(dikqh.o) (_libgdi32_a_iname)
c:/mingw/bin/../lib/gcc/mingw32/4.8.1/../../../../mingw32/lib/libshell32.a(dgpzs00151.o)
                              winpgnt.o (Shell_NotifyIconA@8)
c:/mingw/bin/../lib/gcc/mingw32/4.8.1/../../../../mingw32/lib/libshell32.a(dgpzs00144.o)
                              winpgnt.o (ShellExecuteA@24)
c:/mingw/bin/../lib/gcc/mingw32/4.8.1/../../../../mingw32/lib/libshell32.a(dgpzh.o)
                              c:/mingw/bin/../lib/gcc/mingw32/4.8.1/../../../../mingw32/lib/libshell32.a(dgpzs00151.o) (_head_libshell32_a)
c:/mingw/bin/../lib/gcc/mingw32/4.8.1/../../../../mingw32/lib/libshell32.a(dgpzt.o)
                              c:/mingw/bin/../lib/gcc/mingw32/4.8.1/../../../../mingw32/lib/libshell32.a(dgpzh.o) (_libshell32_a_iname)
c:/mingw/bin/../lib/gcc/mingw32/4.8.1/../../../../mingw32/lib/libuser32.a(dmuvs00632.o)
                              winhelp.o (WinHelpA@16)
c:/mingw/bin/../lib/gcc/mingw32/4.8.1/../../../../mingw32/lib/libuser32.a(dmuvs00505.o)
                              winpgnt.o (SendDlgItemMessageA@20)
c:/mingw/bin/../lib/gcc/mingw32/4.8.1/../../../../mingw32/lib/libuser32.a(dmuvs00434.o)
                              winpgnt.o (MessageBoxA@16)
c:/mingw/bin/../lib/gcc/mingw32/4.8.1/../../../../mingw32/lib/libuser32.a(dmuvs00147.o)
[...]
Memory Configuration

Name             Origin             Length             Attributes
*default*        0x0000000000000000 0xffffffffffffffff

Linker script and memory map

                0x0000000000400000                __image_base__ = 0x400000
                0x0000000000000000                __dll__ = 0x0
                0x0000000000400000                ___ImageBase = 0x400000
                0x0000000000001000                __section_alignment__ = 0x1000
                0x0000000000000200                __file_alignment__ = 0x200
                0x0000000000000004                __major_os_version__ = 0x4
                0x0000000000000000                __minor_os_version__ = 0x0
                0x0000000000000001                __major_image_version__ = 0x1
                0x0000000000000000                __minor_image_version__ = 0x0
                0x0000000000000004                __major_subsystem_version__ = 0x4
                0x0000000000000000                __minor_subsystem_version__ = 0x0
                0x0000000000000002                __subsystem__ = 0x2
                0x0000000000200000                __size_of_stack_reserve__ = 0x200000
                0x0000000000001000                __size_of_stack_commit__ = 0x1000
                0x0000000000100000                __size_of_heap_reserve__ = 0x100000
                0x0000000000001000                __size_of_heap_commit__ = 0x1000
                0x0000000000000000                __loader_flags__ = 0x0
                0x0000000000000000                __dll_characteristics__ = 0x0
LOAD c:/mingw/bin/../lib/gcc/mingw32/4.8.1/../../../../mingw32/lib/crt2.o
LOAD c:/mingw/bin/../lib/gcc/mingw32/4.8.1/crtbegin.o
LOAD conf.o
LOAD misc.o
LOAD pageant.res.o
LOAD sshaes.o
LOAD sshbn.o
LOAD sshdes.o
LOAD sshdss.o
LOAD sshmd5.o
LOAD sshpubk.o
LOAD sshrsa.o
LOAD sshsh256.o
LOAD sshsh512.o
LOAD sshsha.o
LOAD tree234.o
LOAD version.o
LOAD winhelp.o
LOAD winmisc.o
LOAD winpgnt.o
LOAD winpgntc.o
LOAD winutils.o
LOAD kitty_commun.o
LOAD wincapi.o
LOAD ../../bcrypt.a
LOAD ../../mini.a
LOAD c:/mingw/bin/../lib/gcc/mingw32/4.8.1/../../../../mingw32/lib/libadvapi32.a
LOAD c:/mingw/bin/../lib/gcc/mingw32/4.8.1/../../../../mingw32/lib/libcomctl32.a
LOAD c:/mingw/bin/../lib/gcc/mingw32/4.8.1/../../../../mingw32/lib/libcomdlg32.a
LOAD c:/mingw/bin/../lib/gcc/mingw32/4.8.1/../../../../mingw32/lib/libgdi32.a
LOAD c:/mingw/bin/../lib/gcc/mingw32/4.8.1/../../../../mingw32/lib/libimm32.a
LOAD c:/mingw/bin/../lib/gcc/mingw32/4.8.1/../../../../mingw32/lib/libole32.a
LOAD c:/mingw/bin/../lib/gcc/mingw32/4.8.1/../../../../mingw32/lib/libshell32.a
LOAD c:/mingw/bin/../lib/gcc/mingw32/4.8.1/../../../../mingw32/lib/libuser32.a
LOAD c:/mingw/bin/../lib/gcc/mingw32/4.8.1/../../../../mingw32/lib/libwinmm.a
LOAD c:/mingw/bin/../lib/gcc/mingw32/4.8.1/../../../../mingw32/lib/libwinspool.a
LOAD c:/mingw/bin/../lib/gcc/mingw32/4.8.1/../../../../mingw32/lib/libcrypt32.a
LOAD c:/mingw/bin/../lib/gcc/mingw32/4.8.1/../../../../mingw32/lib/libmingw32.a
LOAD c:/mingw/bin/../lib/gcc/mingw32/4.8.1/libgcc.a
LOAD c:/mingw/bin/../lib/gcc/mingw32/4.8.1/libgcc_eh.a
LOAD c:/mingw/bin/../lib/gcc/mingw32/4.8.1/../../../../mingw32/lib/libmoldname.a
LOAD c:/mingw/bin/../lib/gcc/mingw32/4.8.1/../../../../mingw32/lib/libmingwex.a
LOAD c:/mingw/bin/../lib/gcc/mingw32/4.8.1/../../../../mingw32/lib/libmsvcrt.a
LOAD c:/mingw/bin/../lib/gcc/mingw32/4.8.1/../../../../mingw32/lib/libgdi32.a
LOAD c:/mingw/bin/../lib/gcc/mingw32/4.8.1/../../../../mingw32/lib/libcomdlg32.a
LOAD c:/mingw/bin/../lib/gcc/mingw32/4.8.1/../../../../mingw32/lib/libadvapi32.a
LOAD c:/mingw/bin/../lib/gcc/mingw32/4.8.1/../../../../mingw32/lib/libshell32.a
LOAD c:/mingw/bin/../lib/gcc/mingw32/4.8.1/../../../../mingw32/lib/libuser32.a
LOAD c:/mingw/bin/../lib/gcc/mingw32/4.8.1/../../../../mingw32/lib/libkernel32.a
LOAD c:/mingw/bin/../lib/gcc/mingw32/4.8.1/../../../../mingw32/lib/libmingw32.a
LOAD c:/mingw/bin/../lib/gcc/mingw32/4.8.1/libgcc.a
LOAD c:/mingw/bin/../lib/gcc/mingw32/4.8.1/libgcc_eh.a
LOAD c:/mingw/bin/../lib/gcc/mingw32/4.8.1/../../../../mingw32/lib/libmoldname.a
LOAD c:/mingw/bin/../lib/gcc/mingw32/4.8.1/../../../../mingw32/lib/libmingwex.a
LOAD c:/mingw/bin/../lib/gcc/mingw32/4.8.1/../../../../mingw32/lib/libmsvcrt.a
LOAD c:/mingw/bin/../lib/gcc/mingw32/4.8.1/crtend.o
                0x00000000000002e0                . = SIZEOF_HEADERS
                0x0000000000001000                . = ALIGN (__section_alignment__)

.text           0x0000000000401000    0x23600
 *(.init)
 *(.text)
 .text          0x0000000000401000      0x5d0 c:/mingw/bin/../lib/gcc/mingw32/4.8.1/../../../../mingw32/lib/crt2.o
                0x0000000000401570                mainCRTStartup
                0x0000000000401590                WinMainCRTStartup
                0x00000000004015b0                atexit
                0x00000000004015c0                _onexit
 .text          0x00000000004015d0       0xe0 c:/mingw/bin/../lib/gcc/mingw32/4.8.1/crtbegin.o
                0x00000000004015d0                __gcc_register_frame
                0x0000000000401660                __gcc_deregister_frame
 .text          0x00000000004016b0     0x1320 conf.o
                0x0000000000401840                conf_new
                0x0000000000401870                conf_free
                0x00000000004018a0                conf_copy_into
                0x00000000004019e0                conf_copy
                0x0000000000401a10                conf_get_int
                0x0000000000401ab0                conf_get_int_int
                0x0000000000401b60                conf_get_str
                0x0000000000401c00                conf_get_str_str_opt
                0x0000000000401c90                conf_get_str_str
                0x0000000000401ce0                conf_get_str_strs
                0x0000000000401da0                conf_get_str_nthstrkey
                0x0000000000401e80                conf_get_filename
                0x0000000000401f20                conf_get_fontspec
                0x0000000000401fc0                conf_set_int
                0x0000000000402050                conf_set_int_int
                0x00000000004020e0                conf_set_str
                0x0000000000402180                conf_set_str_str
                0x0000000000402230                conf_del_str_str
                0x00000000004022d0                conf_set_filename
                0x0000000000402370                conf_set_fontspec
                0x0000000000402410                conf_serialised_size
                0x0000000000402500                conf_serialise
                0x00000000004026a0                conf_deserialise
 .text          0x00000000004029d0      0xbe0 misc.o
                0x00000000004029d0                parse_blocksize
                0x0000000000402a90                ctrlparse
                0x0000000000402b30                free_prompts
                0x0000000000402bd0                burnstr
                0x0000000000402c10                toint
                0x0000000000402c20                base64_encode_atom
                0x0000000000402d00                bufchain_init
                0x0000000000402d20                bufchain_clear
                0x0000000000402d60                bufchain_size
                0x0000000000402d70                bufchain_consume
                0x0000000000402e10                bufchain_prefix
                0x0000000000402e30                bufchain_fetch
                0x0000000000402ec0                safemalloc
                0x0000000000402f50                new_prompts
                0x0000000000402fb0                dupstr
                0x0000000000403000                dupcat
                0x00000000004030a0                bufchain_add
                0x0000000000403170                prompt_ensure_result_size
                0x0000000000403200                prompt_set_result
                0x0000000000403240                saferealloc
                0x00000000004032e0                add_prompt
                0x0000000000403350                dupvprintf
                0x00000000004033d0                dupprintf
                0x00000000004033f0                fgetline
                0x00000000004034a0                safefree
                0x00000000004034c0                conf_launchable
                0x0000000000403530                conf_dest
 .text          0x00000000004035b0     0x2440 sshaes.o
                0x0000000000405180                aes_iv
                0x00000000004051c0                aes_make_context
                0x00000000004051e0                aes_free_context
                0x0000000000405300                aes_ssh2_encrypt_blk
                0x0000000000405460                aes_ssh2_decrypt_blk
                0x00000000004058b0                aes256_key
                0x00000000004058d0                aes192_key
                0x00000000004058f0                aes128_key
                0x0000000000405910                aes256_encrypt_pubkey
                0x0000000000405980                aes256_decrypt_pubkey
 .text          0x00000000004059f0     0x3140 sshbn.o
                0x0000000000406980                bn_restore_invariant
                0x00000000004069b0                copybn
                0x0000000000406a00                freebn
                0x0000000000406a30                modmul
                0x0000000000406ed0                decbn
                0x0000000000406f20                bignum_from_bytes
                0x0000000000406fe0                ssh1_read_bignum
                0x0000000000407040                bignum_bitcount
                0x0000000000407080                ssh1_bignum_length
                0x00000000004070b0                ssh2_bignum_length
                0x00000000004070e0                bignum_byte
                0x0000000000407130                bignum_bit
                0x0000000000407180                bignum_set_bit
                0x00000000004071e0                bn_power_2
                0x0000000000407240                ssh1_write_bignum
                0x00000000004072d0                bignum_cmp
                0x00000000004073d0                bignum_rshift
                0x00000000004074b0                bigmuladd
                0x00000000004076e0                bigmul
                0x0000000000407710                bigadd
                0x00000000004077e0                bigsub
                0x00000000004078d0                bignum_bitmask
                0x0000000000407950                bignum_from_long
                0x0000000000407980                bignum_add_long
                0x0000000000407a20                bignum_mod_short
                0x0000000000407b00                bigdiv
                0x0000000000407b30                bigmod
                0x0000000000407b60                modpow_simple
                0x00000000004080c0                biggcd
                0x0000000000408160                modinv
                0x00000000004083d0                modpow
                0x0000000000408960                bignum_decimal
 .text          0x0000000000408b30     0x23d0 sshdes.o
                0x000000000040a960                des3_decrypt_pubkey
                0x000000000040aa80                des3_encrypt_pubkey
                0x000000000040aba0                des3_decrypt_pubkey_ossh
                0x000000000040ad10                des3_encrypt_pubkey_ossh
                0x000000000040ae80                des_encrypt_xdmauth
                0x000000000040aec0                des_decrypt_xdmauth
 .text          0x000000000040af00     0x19b0 sshdss.o
 .text          0x000000000040c8b0     0x1020 sshmd5.o
                0x000000000040c8d0                hmacmd5_make_context
                0x000000000040c8f0                hmacmd5_free_context
                0x000000000040c900                MD5Init
                0x000000000040c940                MD5Update
                0x000000000040d1f0                MD5Final
                0x000000000040d510                MD5Simple
                0x000000000040d590                hmacmd5_key
                0x000000000040d880                hmacmd5_do_hmac
 .text          0x000000000040d8d0     0x23d0 sshpubk.o
                0x000000000040dde0                loadrsakey
                0x000000000040deb0                rsakey_encrypted
                0x000000000040df40                rsakey_pubblob
                0x000000000040e070                saversakey
                0x000000000040e380                base64_decode_atom
                0x000000000040e4b0                find_pubkey_alg
                0x000000000040e500                ssh2_load_userkey
                0x000000000040eec0                ssh2_userkey_loadpub
                0x000000000040f1b0                ssh2_userkey_encrypted
                0x000000000040f320                base64_lines
                0x000000000040f340                base64_encode
                0x000000000040f3e0                ssh2_save_userkey
                0x000000000040fad0                key_type
                0x000000000040fc80                key_type_to_str
 .text          0x000000000040fca0     0x2350 sshrsa.o
                0x0000000000410be0                makekey
                0x0000000000410d20                makeprivate
                0x0000000000410d30                rsaencrypt
                0x0000000000410e10                crt_modpow
                0x00000000004113f0                rsadecrypt
                0x0000000000411400                rsastr_len
                0x0000000000411450                rsastr_fmt
                0x00000000004115b0                rsa_fingerprint
                0x00000000004117d0                rsa_verify
                0x0000000000411970                rsa_public_blob
                0x0000000000411a20                rsa_public_blob_len
                0x0000000000411a90                freersakey
                0x0000000000411dd0                ssh_rsakex_newkey
                0x0000000000411de0                ssh_rsakex_freekey
                0x0000000000411e00                ssh_rsakex_klen
                0x0000000000411e10                ssh_rsakex_encrypt
 .text          0x0000000000411ff0      0xd60 sshsh256.o
                0x00000000004120b0                SHA256_Core_Init
                0x00000000004120f0                SHA256_Block
                0x00000000004125f0                SHA256_Init
                0x0000000000412650                SHA256_Bytes
                0x00000000004129a0                SHA256_Final
                0x0000000000412cb0                SHA256_Simple
 .text          0x0000000000412d50     0x1530 sshsh512.o
                0x0000000000412d50                SHA512_Init
                0x0000000000412db0                SHA512_Bytes
                0x0000000000414090                SHA512_Final
                0x00000000004141e0                SHA512_Simple
 .text          0x0000000000414280      0xcc0 sshsha.o
                0x0000000000414330                SHATransform
                0x0000000000414550                SHA_Init
                0x0000000000414590                SHA_Bytes
                0x0000000000414a00                SHA_Final
                0x0000000000414e30                SHA_Simple
                0x0000000000414eb0                hmac_sha1_simple
 .text          0x0000000000414f40     0x1290 tree234.o
                0x0000000000415d80                newtree234
                0x0000000000415db0                freetree234
                0x0000000000415dd0                count234
                0x0000000000415e10                add234
                0x0000000000415e40                addpos234
                0x0000000000415e70                index234
                0x0000000000415f00                findrelpos234
                0x0000000000416070                find234
                0x00000000004160b0                findrel234
                0x00000000004160f0                findpos234
                0x0000000000416130                delpos234
                0x0000000000416180                del234
 .text          0x00000000004161d0       0x20 version.o
                0x00000000004161d0                set_sshver
 .text          0x00000000004161f0      0x260 winhelp.o
                0x00000000004161f0                init_help
                0x0000000000416310                shutdown_help
                0x0000000000416320                has_help
                0x0000000000416330                launch_help
                0x00000000004163f0                quit_help
 .text          0x0000000000416450      0x770 winmisc.o
                0x0000000000416490                platform_get_x_display
                0x00000000004164b0                filename_from_str
                0x00000000004164e0                filename_copy
                0x00000000004164f0                filename_to_str
                0x0000000000416500                filename_equal
                0x0000000000416530                filename_is_null
                0x0000000000416540                filename_free
                0x0000000000416560                filename_serialise
                0x00000000004165a0                filename_deserialise
                0x00000000004165f0                smemclr
                0x0000000000416610                init_winver
                0x0000000000416650                load_system32_dll
                0x0000000000416700                get_username
                0x0000000000416850                win_strerror
                0x00000000004169b0                fontspec_new
                0x0000000000416a00                fontspec_copy
                0x0000000000416a30                fontspec_free
                0x0000000000416a50                fontspec_serialise
                0x0000000000416b00                fontspec_deserialise
 .text          0x0000000000416bc0     0x4410 winpgnt.o
                0x0000000000418bc0                cryptstring
                0x0000000000418c00                decryptstring
                0x0000000000418c40                MASKPASS
                0x0000000000418d00                GenerePrivateKey
                0x0000000000418e10                ManagePassPhrase
                0x0000000000418e40                modalfatalbox
                0x0000000000418ea0                random_byte
                0x0000000000418ee0                old_keyfile_warning
                0x0000000000418f10                get_default_sid
                0x000000000041a640                spawn_cmd
                0x000000000041a6d0                agent_schedule_callback
                0x000000000041a6f0                cleanup_exit
                0x000000000041a710                WinMain@16
 .text          0x000000000041afd0      0x5a0 winpgntc.o
                0x000000000041afd0                agent_exists
                0x000000000041b000                init_advapi
                0x000000000041b120                get_user_sid
                0x000000000041b2d0                agent_query
 .text          0x000000000041b570      0x640 winutils.o
                0x000000000041b5d0                request_file
                0x000000000041b6a0                filereq_new
                0x000000000041b6c0                filereq_free
                0x000000000041b6d0                message_box
                0x000000000041b750                pgp_fingerprints
                0x000000000041b780                GetDlgItemText_alloc
                0x000000000041b810                split_into_argv
 .text          0x000000000041bbb0      0x660 kitty_commun.o
                0x000000000041bbb0                GetConfigDirectory
                0x000000000041bbc0                CleanFolderName
                0x000000000041bcb0                DelDir
                0x000000000041bda0                IsPortableMode
                0x000000000041c1b0                SetSSHConnected
                0x000000000041c1c0                debug_logevent
                0x000000000041c1d0                SecureZeroMemory
                0x000000000041c200                SetAutoStoreSSHKey
 .text          0x000000000041c210      0xc00 wincapi.o
                0x000000000041c210                capi_sha1_to_binary
                0x000000000041c2a0                capi_binary_to_hex
                0x000000000041c320                capi_reverse_array
                0x000000000041c360                capi_select_cert_2
                0x000000000041c650                capi_select_cert_finditem
                0x000000000041c6f0                capi_select_cert
                0x000000000041c880                capi_load_key
                0x000000000041cb40                capi_is_capikey
                0x000000000041cbb0                capi_rsa2_sign
 .text          0x000000000041ce10     0x20fc ../../bcrypt.a(bcrypt.o)
                0x000000000041ce10                bcrypt_usage
                0x000000000041cfa0                bcrypt_init
                0x000000000041cfd0                bcrypt_file
                0x000000000041d664                bcrypt_file_auto
                0x000000000041d71c                bcrypt_file_base64
                0x000000000041d74c                bcrypt_file_printable
                0x000000000041d77c                buncrypt_file
                0x000000000041dd30                buncrypt_file_auto
                0x000000000041de28                buncrypt_file_base64
                0x000000000041de54                buncrypt_file_printable
                0x000000000041de80                buncrypt_string
                0x000000000041e3c4                buncrypt_string_auto
                0x000000000041e3f0                buncrypt_string_base64
                0x000000000041e420                buncrypt_string_printable
                0x000000000041e450                bcrypt_string
                0x000000000041ea4c                bcrypt_main
                0x000000000041ee68                bcrypt_string_auto
                0x000000000041ee9c                bcrypt_string_base64
                0x000000000041eed4                bcrypt_string_printable
 .text          0x000000000041ef0c     0x1fb4 ../../mini.a(mini.o)
                0x000000000041ef0c                addSECTION
                0x000000000041ef38                addINI
                0x000000000041ef74                lastSECTION
                0x000000000041ef90                getvalueKEY
                0x000000000041efa0                getINI
                0x000000000041efb0                printKEY
                0x000000000041efe8                freeSKEY
                0x000000000041effc                newINI
                0x000000000041f024                getKEY
                0x000000000041f084                getSECTION
                0x000000000041f0c8                setKEY
                0x000000000041f138                newKEY
                0x000000000041f1ec                newSECTION
                0x000000000041f270                printSECTION
                0x000000000041f2d4                printINI
                0x000000000041f340                delKEY
                0x000000000041f404                storeKEY
                0x000000000041f5b4                storeSECTION
                0x000000000041f7d4                storeINI
                0x000000000041f880                freeKEY
                0x000000000041fb8c                addKEY
                0x000000000041fcc0                freeSECTION
                0x00000000004200d4                delSECTION
                0x0000000000420170                loadINI
                0x0000000000420494                freeINI
                0x0000000000420554                delINI
                0x0000000000420680                delINISec
                0x00000000004206f8                writeINI
                0x0000000000420890                writeINISec
                0x0000000000420910                readINI
                0x0000000000420c14                ini_main
                0x0000000000420dec                destroyINI
 .text          0x0000000000420ec0        0x8 c:/mingw/bin/../lib/gcc/mingw32/4.8.1/../../../../mingw32/lib/libadvapi32.a(dofzs00245.o)
                0x0000000000420ec0                GetUserNameA@8
 .text          0x0000000000420ec8        0x8 c:/mingw/bin/../lib/gcc/mingw32/4.8.1/../../../../mingw32/lib/libadvapi32.a(dofzs00196.o)
                0x0000000000420ec8                GetLengthSid@4
 .text          0x0000000000420ed0        0x8 c:/mingw/bin/../lib/gcc/mingw32/4.8.1/../../../../mingw32/lib/libadvapi32.a(dofzs00083.o)
                0x0000000000420ed0                CopySid@12
 .text          0x0000000000420ed8        0x8 c:/mingw/bin/../lib/gcc/mingw32/4.8.1/../../../../mingw32/lib/libadvapi32.a(dofzs00412.o)
                0x0000000000420ed8                RegOpenKeyA@12
 .text          0x0000000000420ee0        0x8 c:/mingw/bin/../lib/gcc/mingw32/4.8.1/../../../../mingw32/lib/libadvapi32.a(dofzs00172.o)
                0x0000000000420ee0                EqualSid@8
 .text          0x0000000000420ee8        0x8 c:/mingw/bin/../lib/gcc/mingw32/4.8.1/../../../../mingw32/lib/libadvapi32.a(dofzs00400.o)
                0x0000000000420ee8                RegEnumKeyA@16
 .text          0x0000000000420ef0        0x8 c:/mingw/bin/../lib/gcc/mingw32/4.8.1/../../../../mingw32/lib/libadvapi32.a(dofzs00386.o)
                0x0000000000420ef0                RegCloseKey@4
 .text          0x0000000000420ef8        0x8 c:/mingw/bin/../lib/gcc/mingw32/4.8.1/../../../../mingw32/lib/libadvapi32.a(dofzs00120.o)
                0x0000000000420ef8                CryptReleaseContext@8
 .text          0x0000000000420f00        0x8 c:/mingw/bin/../lib/gcc/mingw32/4.8.1/../../../../mingw32/lib/libadvapi32.a(dofzs00096.o)
                0x0000000000420f00                CryptCreateHash@20
 .text          0x0000000000420f08        0x8 c:/mingw/bin/../lib/gcc/mingw32/4.8.1/../../../../mingw32/lib/libadvapi32.a(dofzs00117.o)
                0x0000000000420f08                CryptHashData@16
 .text          0x0000000000420f10        0x8 c:/mingw/bin/../lib/gcc/mingw32/4.8.1/../../../../mingw32/lib/libadvapi32.a(dofzs00128.o)
                0x0000000000420f10                CryptSignHashA@24
 .text          0x0000000000420f18        0x8 c:/mingw/bin/../lib/gcc/mingw32/4.8.1/../../../../mingw32/lib/libadvapi32.a(dofzs00099.o)
                0x0000000000420f18                CryptDestroyHash@4
 .text          0x0000000000420f20        0x0 c:/mingw/bin/../lib/gcc/mingw32/4.8.1/../../../../mingw32/lib/libadvapi32.a(dofzh.o)
 .text          0x0000000000420f20        0x0 c:/mingw/bin/../lib/gcc/mingw32/4.8.1/../../../../mingw32/lib/libadvapi32.a(dofzt.o)
 .text          0x0000000000420f20        0x8 c:/mingw/bin/../lib/gcc/mingw32/4.8.1/../../../../mingw32/lib/libcomdlg32.a(dorqs00011.o)
                0x0000000000420f20                GetSaveFileNameA@4
 .text          0x0000000000420f28        0x8 c:/mingw/bin/../lib/gcc/mingw32/4.8.1/../../../../mingw32/lib/libcomdlg32.a(dorqs00009.o)
                0x0000000000420f28                GetOpenFileNameA@4
 .text          0x0000000000420f30        0x0 c:/mingw/bin/../lib/gcc/mingw32/4.8.1/../../../../mingw32/lib/libcomdlg32.a(dorqh.o)
 .text          0x0000000000420f30        0x0 c:/mingw/bin/../lib/gcc/mingw32/4.8.1/../../../../mingw32/lib/libcomdlg32.a(dorqt.o)
 .text          0x0000000000420f30        0x8 c:/mingw/bin/../lib/gcc/mingw32/4.8.1/../../../../mingw32/lib/libgdi32.a(dikqs00201.o)
                0x0000000000420f30                GetStockObject@4
 .text          0x0000000000420f38        0x0 c:/mingw/bin/../lib/gcc/mingw32/4.8.1/../../../../mingw32/lib/libgdi32.a(dikqh.o)
 .text          0x0000000000420f38        0x0 c:/mingw/bin/../lib/gcc/mingw32/4.8.1/../../../../mingw32/lib/libgdi32.a(dikqt.o)
 .text          0x0000000000420f38        0x8 c:/mingw/bin/../lib/gcc/mingw32/4.8.1/../../../../mingw32/lib/libshell32.a(dgpzs00151.o)
                0x0000000000420f38                Shell_NotifyIconA@8
 .text          0x0000000000420f40        0x8 c:/mingw/bin/../lib/gcc/mingw32/4.8.1/../../../../mingw32/lib/libshell32.a(dgpzs00144.o)
                0x0000000000420f40                ShellExecuteA@24
 .text          0x0000000000420f48        0x0 c:/mingw/bin/../lib/gcc/mingw32/4.8.1/../../../../mingw32/lib/libshell32.a(dgpzh.o)
 .text          0x0000000000420f48        0x0 c:/mingw/bin/../lib/gcc/mingw32/4.8.1/../../../../mingw32/lib/libshell32.a(dgpzt.o)
 .text          0x0000000000420f48        0x8 c:/mingw/bin/../lib/gcc/mingw32/4.8.1/../../../../mingw32/lib/libuser32.a(dmuvs00632.o)
                0x0000000000420f48                WinHelpA@16
 .text          0x0000000000420f50        0x8 c:/mingw/bin/../lib/gcc/mingw32/4.8.1/../../../../mingw32/lib/libuser32.a(dmuvs00505.o)
                0x0000000000420f50                SendDlgItemMessageA@20
 .text          0x0000000000420f58        0x8 c:/mingw/bin/../lib/gcc/mingw32/4.8.1/../../../../mingw32/lib/libuser32.a(dmuvs00434.o)
                0x0000000000420f58                MessageBoxA@16
 .text          0x0000000000420f60        0x8 c:/mingw/bin/../lib/gcc/mingw32/4.8.1/../../../../mingw32/lib/libuser32.a(dmuvs00147.o)
                0x0000000000420f60                DialogBoxParamA@20
 .text          0x0000000000420f68        0x8 c:/mingw/bin/../lib/gcc/mingw32/4.8.1/../../../../mingw32/lib/libuser32.a(dmuvs00182.o)
                0x0000000000420f68                EndDialog@8
 .text          0x0000000000420f70        0x8 c:/mingw/bin/../lib/gcc/mingw32/4.8.1/../../../../mingw32/lib/libuser32.a(dmuvs00250.o)
                0x0000000000420f70                GetDesktopWindow@0
 .text          0x0000000000420f78        0x8 c:/mingw/bin/../lib/gcc/mingw32/4.8.1/../../../../mingw32/lib/libuser32.a(dmuvs00348.o)
                0x0000000000420f78                GetWindowRect@8
 .text          0x0000000000420f80        0x8 c:/mingw/bin/../lib/gcc/mingw32/4.8.1/../../../../mingw32/lib/libuser32.a(dmuvs00534.o)
                0x0000000000420f80                SetForegroundWindow@4
 .text          0x0000000000420f88        0x8 c:/mingw/bin/../lib/gcc/mingw32/4.8.1/../../../../mingw32/lib/libuser32.a(dmuvs00572.o)
                0x0000000000420f88                SetWindowPos@28
 .text          0x0000000000420f90        0x8 c:/mingw/bin/../lib/gcc/mingw32/4.8.1/../../../../mingw32/lib/libuser32.a(dmuvs00530.o)
                0x0000000000420f90                SetDlgItemTextA@12
 .text          0x0000000000420f98        0x8 c:/mingw/bin/../lib/gcc/mingw32/4.8.1/../../../../mingw32/lib/libuser32.a(dmuvs00445.o)
                0x0000000000420f98                MoveWindow@24
 .text          0x0000000000420fa0        0x8 c:/mingw/bin/../lib/gcc/mingw32/4.8.1/../../../../mingw32/lib/libuser32.a(dmuvs00433.o)
                0x0000000000420fa0                MessageBeep@4
 .text          0x0000000000420fa8        0x8 c:/mingw/bin/../lib/gcc/mingw32/4.8.1/../../../../mingw32/lib/libuser32.a(dmuvs00253.o)
                0x0000000000420fa8                GetDlgItem@8
 .text          0x0000000000420fb0        0x8 c:/mingw/bin/../lib/gcc/mingw32/4.8.1/../../../../mingw32/lib/libuser32.a(dmuvs00144.o)
                0x0000000000420fb0                DestroyWindow@4
 .text          0x0000000000420fb8        0x8 c:/mingw/bin/../lib/gcc/mingw32/4.8.1/../../../../mingw32/lib/libuser32.a(dmuvs00342.o)
                0x0000000000420fb8                GetWindowLongA@8
 .text          0x0000000000420fc0        0x8 c:/mingw/bin/../lib/gcc/mingw32/4.8.1/../../../../mingw32/lib/libuser32.a(dmuvs00569.o)
                0x0000000000420fc0                SetWindowLongA@12
 .text          0x0000000000420fc8        0x8 c:/mingw/bin/../lib/gcc/mingw32/4.8.1/../../../../mingw32/lib/libuser32.a(dmuvs00455.o)
                0x0000000000420fc8                OpenClipboard@4
 .text          0x0000000000420fd0        0x8 c:/mingw/bin/../lib/gcc/mingw32/4.8.1/../../../../mingw32/lib/libuser32.a(dmuvs00177.o)
                0x0000000000420fd0                EmptyClipboard@0
 .text          0x0000000000420fd8        0x8 c:/mingw/bin/../lib/gcc/mingw32/4.8.1/../../../../mingw32/lib/libuser32.a(dmuvs00523.o)
                0x0000000000420fd8                SetClipboardData@8
 .text          0x0000000000420fe0        0x8 c:/mingw/bin/../lib/gcc/mingw32/4.8.1/../../../../mingw32/lib/libuser32.a(dmuvs00061.o)
                0x0000000000420fe0                CloseClipboard@0
 .text          0x0000000000420fe8        0x8 c:/mingw/bin/../lib/gcc/mingw32/4.8.1/../../../../mingw32/lib/libuser32.a(dmuvs00409.o)
                0x0000000000420fe8                LoadIconA@8
 .text          0x0000000000420ff0        0x8 c:/mingw/bin/../lib/gcc/mingw32/4.8.1/../../../../mingw32/lib/libuser32.a(dmuvs00142.o)
                0x0000000000420ff0                DestroyIcon@4
 .text          0x0000000000420ff8        0x8 c:/mingw/bin/../lib/gcc/mingw32/4.8.1/../../../../mingw32/lib/libuser32.a(dmuvs00180.o)
                0x0000000000420ff8                EnableWindow@8
 .text          0x0000000000421000        0x8 c:/mingw/bin/../lib/gcc/mingw32/4.8.1/../../../../mingw32/lib/libuser32.a(dmuvs00516.o)
                0x0000000000421000                SetActiveWindow@4
 .text          0x0000000000421008        0x8 c:/mingw/bin/../lib/gcc/mingw32/4.8.1/../../../../mingw32/lib/libuser32.a(dmuvs00134.o)
                0x0000000000421008                DefWindowProcA@16
 .text          0x0000000000421010        0x8 c:/mingw/bin/../lib/gcc/mingw32/4.8.1/../../../../mingw32/lib/libuser32.a(dmuvs00468.o)
                0x0000000000421010                PostQuitMessage@4
 .text          0x0000000000421018        0x8 c:/mingw/bin/../lib/gcc/mingw32/4.8.1/../../../../mingw32/lib/libuser32.a(dmuvs00491.o)
                0x0000000000421018                RegisterWindowMessageA@4
 .text          0x0000000000421020        0x8 c:/mingw/bin/../lib/gcc/mingw32/4.8.1/../../../../mingw32/lib/libuser32.a(dmuvs00283.o)
                0x0000000000421020                GetMenuDefaultItem@12
 .text          0x0000000000421028        0x8 c:/mingw/bin/../lib/gcc/mingw32/4.8.1/../../../../mingw32/lib/libuser32.a(dmuvs00466.o)
                0x0000000000421028                PostMessageA@16
 .text          0x0000000000421030        0x8 c:/mingw/bin/../lib/gcc/mingw32/4.8.1/../../../../mingw32/lib/libuser32.a(dmuvs00508.o)
                0x0000000000421030                SendMessageA@16
 .text          0x0000000000421038        0x8 c:/mingw/bin/../lib/gcc/mingw32/4.8.1/../../../../mingw32/lib/libuser32.a(dmuvs00287.o)
                0x0000000000421038                GetMenuItemInfoA@16
 .text          0x0000000000421040        0x8 c:/mingw/bin/../lib/gcc/mingw32/4.8.1/../../../../mingw32/lib/libuser32.a(dmuvs00602.o)
                0x0000000000421040                TrackPopupMenu@28
 .text          0x0000000000421048        0x8 c:/mingw/bin/../lib/gcc/mingw32/4.8.1/../../../../mingw32/lib/libuser32.a(dmuvs00247.o)
                0x0000000000421048                GetCursorPos@4
 .text          0x0000000000421050        0x8 c:/mingw/bin/../lib/gcc/mingw32/4.8.1/../../../../mingw32/lib/libuser32.a(dmuvs00080.o)
                0x0000000000421050                CreateDialogParamA@20
 .text          0x0000000000421058        0x8 c:/mingw/bin/../lib/gcc/mingw32/4.8.1/../../../../mingw32/lib/libuser32.a(dmuvs00585.o)
                0x0000000000421058                ShowWindow@8
 .text          0x0000000000421060        0x8 c:/mingw/bin/../lib/gcc/mingw32/4.8.1/../../../../mingw32/lib/libuser32.a(dmuvs00285.o)
                0x0000000000421060                GetMenuItemCount@4
 .text          0x0000000000421068        0x8 c:/mingw/bin/../lib/gcc/mingw32/4.8.1/../../../../mingw32/lib/libuser32.a(dmuvs00495.o)
                0x0000000000421068                RemoveMenu@12
 .text          0x0000000000421070        0x8 c:/mingw/bin/../lib/gcc/mingw32/4.8.1/../../../../mingw32/lib/libuser32.a(dmuvs00365.o)
                0x0000000000421070                InsertMenuItemA@16
 .text          0x0000000000421078        0x8 c:/mingw/bin/../lib/gcc/mingw32/4.8.1/../../../../mingw32/lib/libuser32.a(dmuvs00405.o)
                0x0000000000421078                LoadCursorA@8
 .text          0x0000000000421080        0x8 c:/mingw/bin/../lib/gcc/mingw32/4.8.1/../../../../mingw32/lib/libuser32.a(dmuvs00479.o)
                0x0000000000421080                RegisterClassA@4
 .text          0x0000000000421088        0x8 c:/mingw/bin/../lib/gcc/mingw32/4.8.1/../../../../mingw32/lib/libuser32.a(dmuvs00090.o)
                0x0000000000421088                CreateWindowExA@48
 .text          0x0000000000421090        0x8 c:/mingw/bin/../lib/gcc/mingw32/4.8.1/../../../../mingw32/lib/libuser32.a(dmuvs00089.o)
                0x0000000000421090                CreatePopupMenu@0
 .text          0x0000000000421098        0x8 c:/mingw/bin/../lib/gcc/mingw32/4.8.1/../../../../mingw32/lib/libuser32.a(dmuvs00088.o)
                0x0000000000421098                CreateMenu@0
 .text          0x00000000004210a0        0x8 c:/mingw/bin/../lib/gcc/mingw32/4.8.1/../../../../mingw32/lib/libuser32.a(dmuvs00006.o)
                0x00000000004210a0                AppendMenuA@16
 .text          0x00000000004210a8        0x8 c:/mingw/bin/../lib/gcc/mingw32/4.8.1/../../../../mingw32/lib/libuser32.a(dmuvs00540.o)
                0x00000000004210a8                SetMenuDefaultItem@12
 .text          0x00000000004210b0        0x8 c:/mingw/bin/../lib/gcc/mingw32/4.8.1/../../../../mingw32/lib/libuser32.a(dmuvs00293.o)
                0x00000000004210b0                GetMessageA@16
 .text          0x00000000004210b8        0x8 c:/mingw/bin/../lib/gcc/mingw32/4.8.1/../../../../mingw32/lib/libuser32.a(dmuvs00394.o)
                0x00000000004210b8                IsWindow@4
 .text          0x00000000004210c0        0x8 c:/mingw/bin/../lib/gcc/mingw32/4.8.1/../../../../mingw32/lib/libuser32.a(dmuvs00384.o)
                0x00000000004210c0                IsDialogMessageA@8
 .text          0x00000000004210c8        0x8 c:/mingw/bin/../lib/gcc/mingw32/4.8.1/../../../../mingw32/lib/libuser32.a(dmuvs00608.o)
                0x00000000004210c8                TranslateMessage@4
 .text          0x00000000004210d0        0x8 c:/mingw/bin/../lib/gcc/mingw32/4.8.1/../../../../mingw32/lib/libuser32.a(dmuvs00149.o)
                0x00000000004210d0                DispatchMessageA@4
 .text          0x00000000004210d8        0x8 c:/mingw/bin/../lib/gcc/mingw32/4.8.1/../../../../mingw32/lib/libuser32.a(dmuvs00143.o)
                0x00000000004210d8                DestroyMenu@4
 .text          0x00000000004210e0        0x8 c:/mingw/bin/../lib/gcc/mingw32/4.8.1/../../../../mingw32/lib/libuser32.a(dmuvs00210.o)
                0x00000000004210e0                FindWindowA@8
 .text          0x00000000004210e8        0x8 c:/mingw/bin/../lib/gcc/mingw32/4.8.1/../../../../mingw32/lib/libuser32.a(dmuvs00437.o)
                0x00000000004210e8                MessageBoxIndirectA@4
 .text          0x00000000004210f0        0x8 c:/mingw/bin/../lib/gcc/mingw32/4.8.1/../../../../mingw32/lib/libuser32.a(dmuvs00255.o)
                0x00000000004210f0                GetDlgItemTextA@16
 .text          0x00000000004210f8        0x0 c:/mingw/bin/../lib/gcc/mingw32/4.8.1/../../../../mingw32/lib/libuser32.a(dmuvh.o)
 .text          0x00000000004210f8        0x0 c:/mingw/bin/../lib/gcc/mingw32/4.8.1/../../../../mingw32/lib/libuser32.a(dmuvt.o)
 .text          0x00000000004210f8        0x8 c:/mingw/bin/../lib/gcc/mingw32/4.8.1/../../../../mingw32/lib/libcrypt32.a(disvs00024.o)
                0x00000000004210f8                CertOpenStore@20
 .text          0x0000000000421100        0x8 c:/mingw/bin/../lib/gcc/mingw32/4.8.1/../../../../mingw32/lib/libcrypt32.a(disvs00011.o)
                0x0000000000421100                CertFindCertificateInStore@24
 .text          0x0000000000421108        0x8 c:/mingw/bin/../lib/gcc/mingw32/4.8.1/../../../../mingw32/lib/libcrypt32.a(disvs00002.o)
                0x0000000000421108                CertCloseStore@8
 .text          0x0000000000421110        0x8 c:/mingw/bin/../lib/gcc/mingw32/4.8.1/../../../../mingw32/lib/libcrypt32.a(disvs00029.o)
                0x0000000000421110                CryptAcquireCertificatePrivateKey@24
 .text          0x0000000000421118        0x8 c:/mingw/bin/../lib/gcc/mingw32/4.8.1/../../../../mingw32/lib/libcrypt32.a(disvs00000.o)
                0x0000000000421118                CertAddCertificateContextToStore@16
 .text          0x0000000000421120        0x8 c:/mingw/bin/../lib/gcc/mingw32/4.8.1/../../../../mingw32/lib/libcrypt32.a(disvs00010.o)
                0x0000000000421120                CertEnumCertificatesInStore@8
 .text          0x0000000000421128        0x8 c:/mingw/bin/../lib/gcc/mingw32/4.8.1/../../../../mingw32/lib/libcrypt32.a(disvs00030.o)
                0x0000000000421128                CryptDecodeObject@28
 .text          0x0000000000421130        0x8 c:/mingw/bin/../lib/gcc/mingw32/4.8.1/../../../../mingw32/lib/libcrypt32.a(disvs00019.o)
                0x0000000000421130                CertGetNameStringA@24
 .text          0x0000000000421138        0x8 c:/mingw/bin/../lib/gcc/mingw32/4.8.1/../../../../mingw32/lib/libcrypt32.a(disvs00015.o)
                0x0000000000421138                CertFreeCertificateContext@4
 .text          0x0000000000421140        0x0 c:/mingw/bin/../lib/gcc/mingw32/4.8.1/../../../../mingw32/lib/libcrypt32.a(disvh.o)
 .text          0x0000000000421140        0x0 c:/mingw/bin/../lib/gcc/mingw32/4.8.1/../../../../mingw32/lib/libcrypt32.a(disvt.o)
 .text          0x0000000000421140       0xf0 c:/mingw/bin/../lib/gcc/mingw32/4.8.1/../../../../mingw32/lib/libmingw32.a(tlssup.o)
                0x0000000000421190                __dyn_tls_init@12
                0x0000000000421220                __tlregdtor
 .text          0x0000000000421230        0x0 c:/mingw/bin/../lib/gcc/mingw32/4.8.1/../../../../mingw32/lib/libmingw32.a(CRTglob.o)
 .text          0x0000000000421230        0x0 c:/mingw/bin/../lib/gcc/mingw32/4.8.1/../../../../mingw32/lib/libmingw32.a(CRTfmode.o)
 .text          0x0000000000421230        0x0 c:/mingw/bin/../lib/gcc/mingw32/4.8.1/../../../../mingw32/lib/libmingw32.a(txtmode.o)
 .text          0x0000000000421230       0x10 c:/mingw/bin/../lib/gcc/mingw32/4.8.1/../../../../mingw32/lib/libmingw32.a(CRT_fp10.o)
                0x0000000000421230                fpreset
                0x0000000000421230                _fpreset
 .text          0x0000000000421240       0xe0 c:/mingw/bin/../lib/gcc/mingw32/4.8.1/../../../../mingw32/lib/libmingw32.a(cpu_features.o)
                0x0000000000421240                __cpu_features_init
 .text          0x0000000000421320      0x320 c:/mingw/bin/../lib/gcc/mingw32/4.8.1/../../../../mingw32/lib/libmingw32.a(pseudo-reloc.o)
                0x0000000000421460                _pei386_runtime_relocator
 .text          0x0000000000421640       0xa0 c:/mingw/bin/../lib/gcc/mingw32/4.8.1/../../../../mingw32/lib/libmingw32.a(gccmain.o)
                0x0000000000421640                __do_global_dtors
                0x0000000000421670                __do_global_ctors
                0x00000000004216c0                __main
 .text          0x00000000004216e0        0x0 c:/mingw/bin/../lib/gcc/mingw32/4.8.1/../../../../mingw32/lib/libmingw32.a(main.o)
 .text          0x00000000004216e0        0x0 c:/mingw/bin/../lib/gcc/mingw32/4.8.1/../../../../mingw32/lib/libmingw32.a(crtst.o)
 .text          0x00000000004216e0      0x240 c:/mingw/bin/../lib/gcc/mingw32/4.8.1/../../../../mingw32/lib/libmingw32.a(tlsthrd.o)
                0x0000000000421750                ___w64_mingwthr_add_key_dtor
                0x00000000004217e0                ___w64_mingwthr_remove_key_dtor
                0x0000000000421880                __mingw_TLScallback
 .text          0x0000000000421920        0x0 c:/mingw/bin/../lib/gcc/mingw32/4.8.1/../../../../mingw32/lib/libmingw32.a(pseudo-reloc-list.o)
 .text          0x0000000000421920       0x2c c:/mingw/bin/../lib/gcc/mingw32/4.8.1/libgcc.a(_chkstk_ms.o)
                0x0000000000421920                __chkstk_ms
 *fill*         0x000000000042194c        0x4 
 .text          0x0000000000421950      0x150 c:/mingw/bin/../lib/gcc/mingw32/4.8.1/libgcc.a(_umoddi3.o)
                0x0000000000421950                __umoddi3
 .text          0x0000000000421aa0      0x110 c:/mingw/bin/../lib/gcc/mingw32/4.8.1/libgcc.a(_udivdi3.o)
                0x0000000000421aa0                __udivdi3
 .text          0x0000000000421bb0       0x30 c:/mingw/bin/../lib/gcc/mingw32/4.8.1/libgcc.a(_chkstk.o)
                0x0000000000421bb0                _alloca
                0x0000000000421bb0                __chkstk
 .text          0x0000000000421be0        0x0 c:/mingw/bin/../lib/gcc/mingw32/4.8.1/libgcc.a(_ctors.o)
 .text          0x0000000000421be0        0x8 c:/mingw/bin/../lib/gcc/mingw32/4.8.1/../../../../mingw32/lib/libmoldname.a(dovus00097.o)
                0x0000000000421be0                unlink
 .text          0x0000000000421be8        0x8 c:/mingw/bin/../lib/gcc/mingw32/4.8.1/../../../../mingw32/lib/libmoldname.a(dovus00081.o)
                0x0000000000421be8                stricmp
 .text          0x0000000000421bf0        0x0 c:/mingw/bin/../lib/gcc/mingw32/4.8.1/../../../../mingw32/lib/libmoldname.a(dovuh.o)
 .text          0x0000000000421bf0        0x0 c:/mingw/bin/../lib/gcc/mingw32/4.8.1/../../../../mingw32/lib/libmoldname.a(dovut.o)
 .text          0x0000000000421bf0      0xc90 c:/mingw/bin/../lib/gcc/mingw32/4.8.1/../../../../mingw32/lib/libmingwex.a(glob.o)
                0x00000000004227a0                __mingw_glob
                0x0000000000422860                __mingw_globfree
 .text          0x0000000000422880      0x6b0 c:/mingw/bin/../lib/gcc/mingw32/4.8.1/../../../../mingw32/lib/libmingwex.a(dirent.o)
                0x0000000000422880                opendir
                0x0000000000422ad0                readdir
                0x0000000000422c30                closedir
                0x0000000000422c80                rewinddir
                0x0000000000422db0                telldir
                0x0000000000422de0                seekdir
 .text          0x0000000000422f30      0xc80 c:/mingw/bin/../lib/gcc/mingw32/4.8.1/../../../../mingw32/lib/libmingwex.a(getopt.o)
                0x0000000000423b00                getopt
                0x0000000000423b30                getopt_long
                0x0000000000423b70                getopt_long_only
 .text          0x0000000000423bb0      0x400 c:/mingw/bin/../lib/gcc/mingw32/4.8.1/../../../../mingw32/lib/libmingwex.a(dirname.o)
                0x0000000000423bb0                dirname
 .text          0x0000000000423fb0        0x0 c:/mingw/bin/../lib/gcc/mingw32/4.8.1/../../../../mingw32/lib/libmsvcrt.a(dyqzs00296.o)
 .text          0x0000000000423fb0        0x0 c:/mingw/bin/../lib/gcc/mingw32/4.8.1/../../../../mingw32/lib/libmsvcrt.a(dyqzs00646.o)
 .text          0x0000000000423fb0        0x0 c:/mingw/bin/../lib/gcc/mingw32/4.8.1/../../../../mingw32/lib/libmsvcrt.a(dyqzs00417.o)
 .text          0x0000000000423fb0        0x8 c:/mingw/bin/../lib/gcc/mingw32/4.8.1/../../../../mingw32/lib/libmsvcrt.a(dyqzs00762.o)
                0x0000000000423fb0                signal
 .text          0x0000000000423fb8        0x8 c:/mingw/bin/../lib/gcc/mingw32/4.8.1/../../../../mingw32/lib/libmsvcrt.a(dyqzs00466.o)
                0x0000000000423fb8                _setmode
 .text          0x0000000000423fc0        0x8 c:/mingw/bin/../lib/gcc/mingw32/4.8.1/../../../../mingw32/lib/libmsvcrt.a(dyqzs00084.o)
                0x0000000000423fc0                __p__fmode
 .text          0x0000000000423fc8        0x8 c:/mingw/bin/../lib/gcc/mingw32/4.8.1/../../../../mingw32/lib/libmsvcrt.a(dyqzs00082.o)
                0x0000000000423fc8                __p__environ
 .text          0x0000000000423fd0        0x8 c:/mingw/bin/../lib/gcc/mingw32/4.8.1/../../../../mingw32/lib/libmsvcrt.a(dyqzs00154.o)
                0x0000000000423fd0                _cexit
 .text          0x0000000000423fd8        0x8 c:/mingw/bin/../lib/gcc/mingw32/4.8.1/../../../../mingw32/lib/libmsvcrt.a(dyqzs00708.o)
                0x0000000000423fd8                isspace
 .text          0x0000000000423fe0        0x8 c:/mingw/bin/../lib/gcc/mingw32/4.8.1/../../../../mingw32/lib/libmsvcrt.a(dyqzs00059.o)
                0x0000000000423fe0                __getmainargs
 .text          0x0000000000423fe8        0x8 c:/mingw/bin/../lib/gcc/mingw32/4.8.1/../../../../mingw32/lib/libmsvcrt.a(dyqzs00771.o)
                0x0000000000423fe8                strcmp
 .text          0x0000000000423ff0        0x8 c:/mingw/bin/../lib/gcc/mingw32/4.8.1/../../../../mingw32/lib/libmsvcrt.a(dyqzs00144.o)
                0x0000000000423ff0                _assert
 .text          0x0000000000423ff8        0x8 c:/mingw/bin/../lib/gcc/mingw32/4.8.1/../../../../mingw32/lib/libmsvcrt.a(dyqzs00777.o)
                0x0000000000423ff8                strlen
 .text          0x0000000000424000        0x8 c:/mingw/bin/../lib/gcc/mingw32/4.8.1/../../../../mingw32/lib/libmsvcrt.a(dyqzs00738.o)
                0x0000000000424000                memcpy
 .text          0x0000000000424008        0x8 c:/mingw/bin/../lib/gcc/mingw32/4.8.1/../../../../mingw32/lib/libmsvcrt.a(dyqzs00736.o)
                0x0000000000424008                memchr
 .text          0x0000000000424010        0x0 c:/mingw/bin/../lib/gcc/mingw32/4.8.1/../../../../mingw32/lib/libmsvcrt.a(dyqzs00070.o)
 .text          0x0000000000424010        0x0 c:/mingw/bin/../lib/gcc/mingw32/4.8.1/../../../../mingw32/lib/libmsvcrt.a(dyqzs00426.o)
 .text          0x0000000000424010        0x8 c:/mingw/bin/../lib/gcc/mingw32/4.8.1/../../../../mingw32/lib/libmsvcrt.a(dyqzs00788.o)
                0x0000000000424010                strtoul
 .text          0x0000000000424018        0x8 c:/mingw/bin/../lib/gcc/mingw32/4.8.1/../../../../mingw32/lib/libmsvcrt.a(dyqzs00298.o)
                0x0000000000424018                _isctype
 .text          0x0000000000424020        0x8 c:/mingw/bin/../lib/gcc/mingw32/4.8.1/../../../../mingw32/lib/libmsvcrt.a(dyqzs00787.o)
                0x0000000000424020                strtol
 .text          0x0000000000424028        0x8 c:/mingw/bin/../lib/gcc/mingw32/4.8.1/../../../../mingw32/lib/libmsvcrt.a(dyqzs00681.o)
                0x0000000000424028                free
 .text          0x0000000000424030        0x8 c:/mingw/bin/../lib/gcc/mingw32/4.8.1/../../../../mingw32/lib/libmsvcrt.a(dyqzs00732.o)
                0x0000000000424030                malloc
 .text          0x0000000000424038        0x8 c:/mingw/bin/../lib/gcc/mingw32/4.8.1/../../../../mingw32/lib/libmsvcrt.a(dyqzs00773.o)
                0x0000000000424038                strcpy
 .text          0x0000000000424040        0x8 c:/mingw/bin/../lib/gcc/mingw32/4.8.1/../../../../mingw32/lib/libmsvcrt.a(dyqzs00754.o)
                0x0000000000424040                realloc
 .text          0x0000000000424048        0x8 c:/mingw/bin/../lib/gcc/mingw32/4.8.1/../../../../mingw32/lib/libmsvcrt.a(dyqzs00535.o)
                0x0000000000424048                _vsnprintf
 .text          0x0000000000424050        0x8 c:/mingw/bin/../lib/gcc/mingw32/4.8.1/../../../../mingw32/lib/libmsvcrt.a(dyqzs00669.o)
                0x0000000000424050                fgets
 .text          0x0000000000424058        0x8 c:/mingw/bin/../lib/gcc/mingw32/4.8.1/../../../../mingw32/lib/libmsvcrt.a(dyqzs00740.o)
                0x0000000000424058                memset
 .text          0x0000000000424060        0x8 c:/mingw/bin/../lib/gcc/mingw32/4.8.1/../../../../mingw32/lib/libmsvcrt.a(dyqzs00639.o)
                0x0000000000424060                abort
 .text          0x0000000000424068        0x8 c:/mingw/bin/../lib/gcc/mingw32/4.8.1/../../../../mingw32/lib/libmsvcrt.a(dyqzs00739.o)
                0x0000000000424068                memmove
 .text          0x0000000000424070        0x8 c:/mingw/bin/../lib/gcc/mingw32/4.8.1/../../../../mingw32/lib/libmsvcrt.a(dyqzs00765.o)
                0x0000000000424070                sprintf
 .text          0x0000000000424078        0x8 c:/mingw/bin/../lib/gcc/mingw32/4.8.1/../../../../mingw32/lib/libmsvcrt.a(dyqzs00737.o)
                0x0000000000424078                memcmp
 .text          0x0000000000424080        0x8 c:/mingw/bin/../lib/gcc/mingw32/4.8.1/../../../../mingw32/lib/libmsvcrt.a(dyqzs00680.o)
                0x0000000000424080                fread
 .text          0x0000000000424088        0x8 c:/mingw/bin/../lib/gcc/mingw32/4.8.1/../../../../mingw32/lib/libmsvcrt.a(dyqzs00663.o)
                0x0000000000424088                fclose
 .text          0x0000000000424090        0x8 c:/mingw/bin/../lib/gcc/mingw32/4.8.1/../../../../mingw32/lib/libmsvcrt.a(dyqzs00667.o)
                0x0000000000424090                fgetc
 .text          0x0000000000424098        0x8 c:/mingw/bin/../lib/gcc/mingw32/4.8.1/../../../../mingw32/lib/libmsvcrt.a(dyqzs00802.o)
                0x0000000000424098                ungetc
 .text          0x00000000004240a0        0x8 c:/mingw/bin/../lib/gcc/mingw32/4.8.1/../../../../mingw32/lib/libmsvcrt.a(dyqzs00674.o)
                0x00000000004240a0                fopen
 .text          0x00000000004240a8        0x8 c:/mingw/bin/../lib/gcc/mingw32/4.8.1/../../../../mingw32/lib/libmsvcrt.a(dyqzs00648.o)
                0x00000000004240a8                atoi
 .text          0x00000000004240b0        0x8 c:/mingw/bin/../lib/gcc/mingw32/4.8.1/../../../../mingw32/lib/libmsvcrt.a(dyqzs00675.o)
                0x00000000004240b0                fprintf
 .text          0x00000000004240b8        0x8 c:/mingw/bin/../lib/gcc/mingw32/4.8.1/../../../../mingw32/lib/libmsvcrt.a(dyqzs00689.o)
                0x00000000004240b8                fwrite
 .text          0x00000000004240c0        0x8 c:/mingw/bin/../lib/gcc/mingw32/4.8.1/../../../../mingw32/lib/libmsvcrt.a(dyqzs00676.o)
                0x00000000004240c0                fputc
 .text          0x00000000004240c8        0x8 c:/mingw/bin/../lib/gcc/mingw32/4.8.1/../../../../mingw32/lib/libmsvcrt.a(dyqzs00780.o)
                0x00000000004240c8                strncpy
 .text          0x00000000004240d0        0x8 c:/mingw/bin/../lib/gcc/mingw32/4.8.1/../../../../mingw32/lib/libmsvcrt.a(dyqzs00782.o)
                0x00000000004240d0                strrchr
 .text          0x00000000004240d8        0x8 c:/mingw/bin/../lib/gcc/mingw32/4.8.1/../../../../mingw32/lib/libmsvcrt.a(dyqzs00774.o)
                0x00000000004240d8                strcspn
 .text          0x00000000004240e0        0x8 c:/mingw/bin/../lib/gcc/mingw32/4.8.1/../../../../mingw32/lib/libmsvcrt.a(dyqzs00693.o)
                0x00000000004240e0                getenv
 .text          0x00000000004240e8        0x8 c:/mingw/bin/../lib/gcc/mingw32/4.8.1/../../../../mingw32/lib/libmsvcrt.a(dyqzs00770.o)
                0x00000000004240e8                strchr
 .text          0x00000000004240f0        0x8 c:/mingw/bin/../lib/gcc/mingw32/4.8.1/../../../../mingw32/lib/libmsvcrt.a(dyqzs00745.o)
                0x00000000004240f0                printf
 .text          0x00000000004240f8        0x8 c:/mingw/bin/../lib/gcc/mingw32/4.8.1/../../../../mingw32/lib/libmsvcrt.a(dyqzs00660.o)
                0x00000000004240f8                exit
 .text          0x0000000000424100        0x8 c:/mingw/bin/../lib/gcc/mingw32/4.8.1/../../../../mingw32/lib/libmsvcrt.a(dyqzs00439.o)
                0x0000000000424100                _rmdir
 .text          0x0000000000424108        0x8 c:/mingw/bin/../lib/gcc/mingw32/4.8.1/../../../../mingw32/lib/libmsvcrt.a(dyqzs00748.o)
                0x0000000000424108                puts
 .text          0x0000000000424110        0x8 c:/mingw/bin/../lib/gcc/mingw32/4.8.1/../../../../mingw32/lib/libmsvcrt.a(dyqzs00784.o)
                0x0000000000424110                strstr
 .text          0x0000000000424118        0x8 c:/mingw/bin/../lib/gcc/mingw32/4.8.1/../../../../mingw32/lib/libmsvcrt.a(dyqzs00651.o)
                0x0000000000424118                calloc
 .text          0x0000000000424120        0x8 c:/mingw/bin/../lib/gcc/mingw32/4.8.1/../../../../mingw32/lib/libmsvcrt.a(dyqzs00795.o)
                0x0000000000424120                time
 .text          0x0000000000424128        0x8 c:/mingw/bin/../lib/gcc/mingw32/4.8.1/../../../../mingw32/lib/libmsvcrt.a(dyqzs00767.o)
                0x0000000000424128                srand
 .text          0x0000000000424130        0x8 c:/mingw/bin/../lib/gcc/mingw32/4.8.1/../../../../mingw32/lib/libmsvcrt.a(dyqzs00753.o)
                0x0000000000424130                rand
 .text          0x0000000000424138        0x8 c:/mingw/bin/../lib/gcc/mingw32/4.8.1/../../../../mingw32/lib/libmsvcrt.a(dyqzs00341.o)
                0x0000000000424138                _locking
 .text          0x0000000000424140        0x8 c:/mingw/bin/../lib/gcc/mingw32/4.8.1/../../../../mingw32/lib/libmsvcrt.a(dyqzs00792.o)
                0x0000000000424140                system
 .text          0x0000000000424148        0x8 c:/mingw/bin/../lib/gcc/mingw32/4.8.1/../../../../mingw32/lib/libmsvcrt.a(dyqzs00804.o)
                0x0000000000424148                vfprintf
 .text          0x0000000000424150        0x8 c:/mingw/bin/../lib/gcc/mingw32/4.8.1/../../../../mingw32/lib/libmsvcrt.a(dyqzs00798.o)
                0x0000000000424150                tolower
 .text          0x0000000000424158        0x8 c:/mingw/bin/../lib/gcc/mingw32/4.8.1/../../../../mingw32/lib/libmsvcrt.a(dyqzs00772.o)
                0x0000000000424158                strcoll
 .text          0x0000000000424160        0x8 c:/mingw/bin/../lib/gcc/mingw32/4.8.1/../../../../mingw32/lib/libmsvcrt.a(dyqzs00192.o)
                0x0000000000424160                _errno
 .text          0x0000000000424168        0x8 c:/mingw/bin/../lib/gcc/mingw32/4.8.1/../../../../mingw32/lib/libmsvcrt.a(dyqzs00254.o)
                0x0000000000424168                _fullpath
 .text          0x0000000000424170        0x8 c:/mingw/bin/../lib/gcc/mingw32/4.8.1/../../../../mingw32/lib/libmsvcrt.a(dyqzs00216.o)
                0x0000000000424170                _findfirst
 .text          0x0000000000424178        0x8 c:/mingw/bin/../lib/gcc/mingw32/4.8.1/../../../../mingw32/lib/libmsvcrt.a(dyqzs00222.o)
                0x0000000000424178                _findnext
 .text          0x0000000000424180        0x8 c:/mingw/bin/../lib/gcc/mingw32/4.8.1/../../../../mingw32/lib/libmsvcrt.a(dyqzs00215.o)
                0x0000000000424180                _findclose
 .text          0x0000000000424188        0x8 c:/mingw/bin/../lib/gcc/mingw32/4.8.1/../../../../mingw32/lib/libmsvcrt.a(dyqzs00760.o)
                0x0000000000424188                setlocale
 .text          0x0000000000424190        0x8 c:/mingw/bin/../lib/gcc/mingw32/4.8.1/../../../../mingw32/lib/libmsvcrt.a(dyqzs00828.o)
                0x0000000000424190                wcstombs
 .text          0x0000000000424198        0x8 c:/mingw/bin/../lib/gcc/mingw32/4.8.1/../../../../mingw32/lib/libmsvcrt.a(dyqzs00734.o)
                0x0000000000424198                mbstowcs
 .text          0x00000000004241a0        0x0 c:/mingw/bin/../lib/gcc/mingw32/4.8.1/../../../../mingw32/lib/libmsvcrt.a(dyqzh.o)
 .text          0x00000000004241a0        0x0 c:/mingw/bin/../lib/gcc/mingw32/4.8.1/../../../../mingw32/lib/libmsvcrt.a(dyqzt.o)
 .text          0x00000000004241a0        0x8 c:/mingw/bin/../lib/gcc/mingw32/4.8.1/../../../../mingw32/lib/libkernel32.a(diqzs01140.o)
                0x00000000004241a0                SetUnhandledExceptionFilter@4
 .text          0x00000000004241a8        0x8 c:/mingw/bin/../lib/gcc/mingw32/4.8.1/../../../../mingw32/lib/libkernel32.a(diqzs00388.o)
                0x00000000004241a8                GetCommandLineA@0
 .text          0x00000000004241b0        0x8 c:/mingw/bin/../lib/gcc/mingw32/4.8.1/../../../../mingw32/lib/libkernel32.a(diqzs00279.o)
                0x00000000004241b0                ExitProcess@4
 .text          0x00000000004241b8        0x8 c:/mingw/bin/../lib/gcc/mingw32/4.8.1/../../../../mingw32/lib/libkernel32.a(diqzs00529.o)
                0x00000000004241b8                GetModuleHandleA@4
 .text          0x00000000004241c0        0x8 c:/mingw/bin/../lib/gcc/mingw32/4.8.1/../../../../mingw32/lib/libkernel32.a(diqzs00577.o)
                0x00000000004241c0                GetProcAddress@8
 .text          0x00000000004241c8        0x8 c:/mingw/bin/../lib/gcc/mingw32/4.8.1/../../../../mingw32/lib/libkernel32.a(diqzs00527.o)
                0x00000000004241c8                GetModuleFileNameA@12
 .text          0x00000000004241d0        0x8 c:/mingw/bin/../lib/gcc/mingw32/4.8.1/../../../../mingw32/lib/libkernel32.a(diqzs00671.o)
                0x00000000004241d0                GetVersionExA@4
 .text          0x00000000004241d8        0x8 c:/mingw/bin/../lib/gcc/mingw32/4.8.1/../../../../mingw32/lib/libkernel32.a(diqzs00817.o)
                0x00000000004241d8                LoadLibraryA@4
 .text          0x00000000004241e0        0x8 c:/mingw/bin/../lib/gcc/mingw32/4.8.1/../../../../mingw32/lib/libkernel32.a(diqzs00619.o)
                0x00000000004241e0                GetSystemDirectoryA@8
 .text          0x00000000004241e8        0x8 c:/mingw/bin/../lib/gcc/mingw32/4.8.1/../../../../mingw32/lib/libkernel32.a(diqzs00347.o)
                0x00000000004241e8                FormatMessageA@28
 .text          0x00000000004241f0        0x8 c:/mingw/bin/../lib/gcc/mingw32/4.8.1/../../../../mingw32/lib/libkernel32.a(diqzs00510.o)
                0x00000000004241f0                GetLastError@0
 .text          0x00000000004241f8        0x8 c:/mingw/bin/../lib/gcc/mingw32/4.8.1/../../../../mingw32/lib/libkernel32.a(diqzs00687.o)
                0x00000000004241f8                GlobalAlloc@8
 .text          0x0000000000424200        0x8 c:/mingw/bin/../lib/gcc/mingw32/4.8.1/../../../../mingw32/lib/libkernel32.a(diqzs00698.o)
                0x0000000000424200                GlobalLock@4
 .text          0x0000000000424208        0x8 c:/mingw/bin/../lib/gcc/mingw32/4.8.1/../../../../mingw32/lib/libkernel32.a(diqzs00705.o)
                0x0000000000424208                GlobalUnlock@4
 .text          0x0000000000424210        0x8 c:/mingw/bin/../lib/gcc/mingw32/4.8.1/../../../../mingw32/lib/libkernel32.a(diqzs00447.o)
                0x0000000000424210                GetCurrentProcessId@0
 .text          0x0000000000424218        0x8 c:/mingw/bin/../lib/gcc/mingw32/4.8.1/../../../../mingw32/lib/libkernel32.a(diqzs00885.o)
                0x0000000000424218                OpenProcess@12
 .text          0x0000000000424220        0x8 c:/mingw/bin/../lib/gcc/mingw32/4.8.1/../../../../mingw32/lib/libkernel32.a(diqzs00082.o)
                0x0000000000424220                CloseHandle@4
 .text          0x0000000000424228        0x8 c:/mingw/bin/../lib/gcc/mingw32/4.8.1/../../../../mingw32/lib/libkernel32.a(diqzs00829.o)
                0x0000000000424228                LocalFree@4
 .text          0x0000000000424230        0x8 c:/mingw/bin/../lib/gcc/mingw32/4.8.1/../../../../mingw32/lib/libkernel32.a(diqzs00877.o)
                0x0000000000424230                OpenFileMappingA@12
 .text          0x0000000000424238        0x8 c:/mingw/bin/../lib/gcc/mingw32/4.8.1/../../../../mingw32/lib/libkernel32.a(diqzs01188.o)
                0x0000000000424238                UnmapViewOfFile@4
 .text          0x0000000000424240        0x8 c:/mingw/bin/../lib/gcc/mingw32/4.8.1/../../../../mingw32/lib/libkernel32.a(diqzs00844.o)
                0x0000000000424240                MapViewOfFile@20
 .text          0x0000000000424248        0x8 c:/mingw/bin/../lib/gcc/mingw32/4.8.1/../../../../mingw32/lib/libkernel32.a(diqzs00825.o)
                0x0000000000424248                LocalAlloc@8
 .text          0x0000000000424250        0x8 c:/mingw/bin/../lib/gcc/mingw32/4.8.1/../../../../mingw32/lib/libkernel32.a(diqzs00451.o)
                0x0000000000424250                GetCurrentThreadId@0
 .text          0x0000000000424258        0x8 c:/mingw/bin/../lib/gcc/mingw32/4.8.1/../../../../mingw32/lib/libkernel32.a(diqzs00136.o)
                0x0000000000424258                CreateFileMappingA@24
 .text          0x0000000000424260        0x8 c:/mingw/bin/../lib/gcc/mingw32/4.8.1/../../../../mingw32/lib/libkernel32.a(diqzs00444.o)
                0x0000000000424260                GetCurrentDirectoryA@8
 .text          0x0000000000424268        0x8 c:/mingw/bin/../lib/gcc/mingw32/4.8.1/../../../../mingw32/lib/libkernel32.a(diqzs01052.o)
                0x0000000000424268                SetCurrentDirectoryA@4
 .text          0x0000000000424270        0x8 c:/mingw/bin/../lib/gcc/mingw32/4.8.1/../../../../mingw32/lib/libkernel32.a(diqzs00481.o)
                0x0000000000424270                GetFileAttributesA@4
 .text          0x0000000000424278        0x8 c:/mingw/bin/../lib/gcc/mingw32/4.8.1/../../../../mingw32/lib/libkernel32.a(diqzs00352.o)
                0x0000000000424278                FreeLibrary@4
 .text          0x0000000000424280        0x8 c:/mingw/bin/../lib/gcc/mingw32/4.8.1/../../../../mingw32/lib/libkernel32.a(diqzs01215.o)
                0x0000000000424280                VirtualQuery@12
 .text          0x0000000000424288        0x8 c:/mingw/bin/../lib/gcc/mingw32/4.8.1/../../../../mingw32/lib/libkernel32.a(diqzs01213.o)
                0x0000000000424288                VirtualProtect@16
 .text          0x0000000000424290        0x8 c:/mingw/bin/../lib/gcc/mingw32/4.8.1/../../../../mingw32/lib/libkernel32.a(diqzs00606.o)
                0x0000000000424290                GetStartupInfoA@4
 .text          0x0000000000424298        0x8 c:/mingw/bin/../lib/gcc/mingw32/4.8.1/../../../../mingw32/lib/libkernel32.a(diqzs00236.o)
                0x0000000000424298                EnterCriticalSection@4
 .text          0x00000000004242a0        0x8 c:/mingw/bin/../lib/gcc/mingw32/4.8.1/../../../../mingw32/lib/libkernel32.a(diqzs01173.o)
                0x00000000004242a0                TlsGetValue@4
 .text          0x00000000004242a8        0x8 c:/mingw/bin/../lib/gcc/mingw32/4.8.1/../../../../mingw32/lib/libkernel32.a(diqzs00814.o)
                0x00000000004242a8                LeaveCriticalSection@4
 .text          0x00000000004242b0        0x8 c:/mingw/bin/../lib/gcc/mingw32/4.8.1/../../../../mingw32/lib/libkernel32.a(diqzs00207.o)
                0x00000000004242b0                DeleteCriticalSection@4
 .text          0x00000000004242b8        0x8 c:/mingw/bin/../lib/gcc/mingw32/4.8.1/../../../../mingw32/lib/libkernel32.a(diqzs00734.o)
                0x00000000004242b8                InitializeCriticalSection@4
 .text          0x00000000004242c0        0x0 c:/mingw/bin/../lib/gcc/mingw32/4.8.1/../../../../mingw32/lib/libkernel32.a(diqzh.o)
 .text          0x00000000004242c0        0x0 c:/mingw/bin/../lib/gcc/mingw32/4.8.1/../../../../mingw32/lib/libkernel32.a(diqzt.o)
 .text          0x00000000004242c0        0x8 c:/mingw/bin/../lib/gcc/mingw32/4.8.1/../../../../mingw32/lib/libmoldname.a(dovus00080.o)
                0x00000000004242c0                strdup
 .text          0x00000000004242c8        0x8 c:/mingw/bin/../lib/gcc/mingw32/4.8.1/../../../../mingw32/lib/libmoldname.a(dovus00082.o)
                0x00000000004242c8                stricoll
 .text          0x00000000004242d0        0x0 c:/mingw/bin/../lib/gcc/mingw32/4.8.1/crtend.o
 *(SORT(.text$*))
 *(.text.*)
 .text.unlikely
                0x00000000004242d0       0xdc sshpubk.o
 *fill*         0x00000000004243ac        0x4 
 .text.startup  0x00000000004243b0       0xe0 c:/mingw/bin/../lib/gcc/mingw32/4.8.1/../../../../mingw32/lib/libmingw32.a(main.o)
                0x00000000004243b0                main
 .text.startup  0x0000000000424490       0x20 c:/mingw/bin/../lib/gcc/mingw32/4.8.1/crtend.o
 *(.gnu.linkonce.t.*)
 *(.glue_7t)
 *(.glue_7)
                0x00000000004244b0                ___CTOR_LIST__ = .
                0x00000000004244b0                __CTOR_LIST__ = .
                0x00000000004244b0        0x4 LONG 0xffffffffffffffff
 *(.ctors)
 *(.ctor)
 *(SORT(.ctors.*))
 .ctors.65535   0x00000000004244b4        0x4 c:/mingw/bin/../lib/gcc/mingw32/4.8.1/crtend.o
                0x00000000004244b8        0x4 LONG 0x0
                0x00000000004244bc                ___DTOR_LIST__ = .
                0x00000000004244bc                __DTOR_LIST__ = .
                0x00000000004244bc        0x4 LONG 0xffffffffffffffff
 *(.dtors)
 *(.dtor)
 *(SORT(.dtors.*))
                0x00000000004244c0        0x4 LONG 0x0
 *(.fini)
 *(.gcc_exc)
                0x00000000004244c4                PROVIDE (etext, .)
 *(.gcc_except_table)

.data           0x0000000000425000      0x800
                0x0000000000425000                __data_start__ = .
 *(.data)
 .data          0x0000000000425000        0x0 c:/mingw/bin/../lib/gcc/mingw32/4.8.1/../../../../mingw32/lib/crt2.o
 .data          0x0000000000425000        0x0 c:/mingw/bin/../lib/gcc/mingw32/4.8.1/crtbegin.o
 .data          0x0000000000425000        0x0 conf.o
 .data          0x0000000000425000        0x0 misc.o
 .data          0x0000000000425000        0x0 sshaes.o
 .data          0x0000000000425000       0x10 sshbn.o
                0x0000000000425000                One
                0x0000000000425004                Zero
                0x0000000000425008                bnOne
 .data          0x0000000000425010        0x0 sshdes.o
 .data          0x0000000000425010        0x0 sshdss.o
 .data          0x0000000000425010        0x0 sshmd5.o
 .data          0x0000000000425010        0x0 sshpubk.o
 .data          0x0000000000425010        0x0 sshrsa.o
 .data          0x0000000000425010        0x0 sshsh256.o
 .data          0x0000000000425010        0x0 sshsh512.o
 .data          0x0000000000425010        0x0 sshsha.o
 .data          0x0000000000425010        0x0 tree234.o
 *fill*         0x0000000000425010       0x10 
 .data          0x0000000000425020       0x40 version.o
                0x0000000000425020                sshver
                0x0000000000425045                ver
 .data          0x0000000000425060        0x0 winhelp.o
 .data          0x0000000000425060        0x0 winmisc.o
 .data          0x0000000000425060      0x640 winpgnt.o
                0x000000000042506c                private_key_passphrase
                0x0000000000425698                flags
 .data          0x00000000004256a0        0x0 winpgntc.o
 .data          0x00000000004256a0        0x0 winutils.o
 .data          0x00000000004256a0        0x0 kitty_commun.o
 .data          0x00000000004256a0        0x0 wincapi.o
 .data          0x00000000004256a0        0x0 ../../bcrypt.a(bcrypt.o)
 .data          0x00000000004256a0        0x0 ../../mini.a(mini.o)
 .data          0x00000000004256a0        0x0 c:/mingw/bin/../lib/gcc/mingw32/4.8.1/../../../../mingw32/lib/libadvapi32.a(dofzs00245.o)
 .data          0x00000000004256a0        0x0 c:/mingw/bin/../lib/gcc/mingw32/4.8.1/../../../../mingw32/lib/libadvapi32.a(dofzs00196.o)
 .data          0x00000000004256a0        0x0 c:/mingw/bin/../lib/gcc/mingw32/4.8.1/../../../../mingw32/lib/libadvapi32.a(dofzs00083.o)
 .data          0x00000000004256a0        0x0 c:/mingw/bin/../lib/gcc/mingw32/4.8.1/../../../../mingw32/lib/libadvapi32.a(dofzs00412.o)
 .data          0x00000000004256a0        0x0 c:/mingw/bin/../lib/gcc/mingw32/4.8.1/../../../../mingw32/lib/libadvapi32.a(dofzs00172.o)
 .data          0x00000000004256a0        0x0 c:/mingw/bin/../lib/gcc/mingw32/4.8.1/../../../../mingw32/lib/libadvapi32.a(dofzs00400.o)
 .data          0x00000000004256a0        0x0 c:/mingw/bin/../lib/gcc/mingw32/4.8.1/../../../../mingw32/lib/libadvapi32.a(dofzs00386.o)
 .data          0x00000000004256a0        0x0 c:/mingw/bin/../lib/gcc/mingw32/4.8.1/../../../../mingw32/lib/libadvapi32.a(dofzs00120.o)
 .data          0x00000000004256a0        0x0 c:/mingw/bin/../lib/gcc/mingw32/4.8.1/../../../../mingw32/lib/libadvapi32.a(dofzs00096.o)
 .data          0x00000000004256a0        0x0 c:/mingw/bin/../lib/gcc/mingw32/4.8.1/../../../../mingw32/lib/libadvapi32.a(dofzs00117.o)
 .data          0x00000000004256a0        0x0 c:/mingw/bin/../lib/gcc/mingw32/4.8.1/../../../../mingw32/lib/libadvapi32.a(dofzs00128.o)
 .data          0x00000000004256a0        0x0 c:/mingw/bin/../lib/gcc/mingw32/4.8.1/../../../../mingw32/lib/libadvapi32.a(dofzs00099.o)
 .data          0x00000000004256a0        0x0 c:/mingw/bin/../lib/gcc/mingw32/4.8.1/../../../../mingw32/lib/libadvapi32.a(dofzh.o)
 .data          0x00000000004256a0        0x0 c:/mingw/bin/../lib/gcc/mingw32/4.8.1/../../../../mingw32/lib/libadvapi32.a(dofzt.o)
 .data          0x00000000004256a0        0x0 c:/mingw/bin/../lib/gcc/mingw32/4.8.1/../../../../mingw32/lib/libcomdlg32.a(dorqs00011.o)
 .data          0x00000000004256a0        0x0 c:/mingw/bin/../lib/gcc/mingw32/4.8.1/../../../../mingw32/lib/libcomdlg32.a(dorqs00009.o)
 .data          0x00000000004256a0        0x0 c:/mingw/bin/../lib/gcc/mingw32/4.8.1/../../../../mingw32/lib/libcomdlg32.a(dorqh.o)
 .data          0x00000000004256a0        0x0 c:/mingw/bin/../lib/gcc/mingw32/4.8.1/../../../../mingw32/lib/libcomdlg32.a(dorqt.o)
 .data          0x00000000004256a0        0x0 c:/mingw/bin/../lib/gcc/mingw32/4.8.1/../../../../mingw32/lib/libgdi32.a(dikqs00201.o)
 .data          0x00000000004256a0        0x0 c:/mingw/bin/../lib/gcc/mingw32/4.8.1/../../../../mingw32/lib/libgdi32.a(dikqh.o)
 .data          0x00000000004256a0        0x0 c:/mingw/bin/../lib/gcc/mingw32/4.8.1/../../../../mingw32/lib/libgdi32.a(dikqt.o)
 .data          0x00000000004256a0        0x0 c:/mingw/bin/../lib/gcc/mingw32/4.8.1/../../../../mingw32/lib/libshell32.a(dgpzs00151.o)
 .data          0x00000000004256a0        0x0 c:/mingw/bin/../lib/gcc/mingw32/4.8.1/../../../../mingw32/lib/libshell32.a(dgpzs00144.o)
 .data          0x00000000004256a0        0x0 c:/mingw/bin/../lib/gcc/mingw32/4.8.1/../../../../mingw32/lib/libshell32.a(dgpzh.o)
 .data          0x00000000004256a0        0x0 c:/mingw/bin/../lib/gcc/mingw32/4.8.1/../../../../mingw32/lib/libshell32.a(dgpzt.o)
 .data          0x00000000004256a0        0x0 c:/mingw/bin/../lib/gcc/mingw32/4.8.1/../../../../mingw32/lib/libuser32.a(dmuvs00632.o)
 .data          0x00000000004256a0        0x0 c:/mingw/bin/../lib/gcc/mingw32/4.8.1/../../../../mingw32/lib/libuser32.a(dmuvs00505.o)
 .data          0x00000000004256a0        0x0 c:/mingw/bin/../lib/gcc/mingw32/4.8.1/../../../../mingw32/lib/libuser32.a(dmuvs00434.o)
 .data          0x00000000004256a0        0x0 c:/mingw/bin/../lib/gcc/mingw32/4.8.1/../../../../mingw32/lib/libuser32.a(dmuvs00147.o)
 .data          0x00000000004256a0        0x0 c:/mingw/bin/../lib/gcc/mingw32/4.8.1/../../../../mingw32/lib/libuser32.a(dmuvs00182.o)
 .data          0x00000000004256a0        0x0 c:/mingw/bin/../lib/gcc/mingw32/4.8.1/../../../../mingw32/lib/libuser32.a(dmuvs00250.o)
 .data          0x00000000004256a0        0x0 c:/mingw/bin/../lib/gcc/mingw32/4.8.1/../../../../mingw32/lib/libuser32.a(dmuvs00348.o)
 .data          0x00000000004256a0        0x0 c:/mingw/bin/../lib/gcc/mingw32/4.8.1/../../../../mingw32/lib/libuser32.a(dmuvs00534.o)
 .data          0x00000000004256a0        0x0 c:/mingw/bin/../lib/gcc/mingw32/4.8.1/../../../../mingw32/lib/libuser32.a(dmuvs00572.o)
 .data          0x00000000004256a0        0x0 c:/mingw/bin/../lib/gcc/mingw32/4.8.1/../../../../mingw32/lib/libuser32.a(dmuvs00530.o)
 .data          0x00000000004256a0        0x0 c:/mingw/bin/../lib/gcc/mingw32/4.8.1/../../../../mingw32/lib/libuser32.a(dmuvs00445.o)
 .data          0x00000000004256a0        0x0 c:/mingw/bin/../lib/gcc/mingw32/4.8.1/../../../../mingw32/lib/libuser32.a(dmuvs00433.o)
 .data          0x00000000004256a0        0x0 c:/mingw/bin/../lib/gcc/mingw32/4.8.1/../../../../mingw32/lib/libuser32.a(dmuvs00253.o)
 .data          0x00000000004256a0        0x0 c:/mingw/bin/../lib/gcc/mingw32/4.8.1/../../../../mingw32/lib/libuser32.a(dmuvs00144.o)
 .data          0x00000000004256a0        0x0 c:/mingw/bin/../lib/gcc/mingw32/4.8.1/../../../../mingw32/lib/libuser32.a(dmuvs00342.o)
 .data          0x00000000004256a0        0x0 c:/mingw/bin/../lib/gcc/mingw32/4.8.1/../../../../mingw32/lib/libuser32.a(dmuvs00569.o)
 .data          0x00000000004256a0        0x0 c:/mingw/bin/../lib/gcc/mingw32/4.8.1/../../../../mingw32/lib/libuser32.a(dmuvs00455.o)
 .data          0x00000000004256a0        0x0 c:/mingw/bin/../lib/gcc/mingw32/4.8.1/../../../../mingw32/lib/libuser32.a(dmuvs00177.o)
 .data          0x00000000004256a0        0x0 c:/mingw/bin/../lib/gcc/mingw32/4.8.1/../../../../mingw32/lib/libuser32.a(dmuvs00523.o)
 .data          0x00000000004256a0        0x0 c:/mingw/bin/../lib/gcc/mingw32/4.8.1/../../../../mingw32/lib/libuser32.a(dmuvs00061.o)
 .data          0x00000000004256a0        0x0 c:/mingw/bin/../lib/gcc/mingw32/4.8.1/../../../../mingw32/lib/libuser32.a(dmuvs00409.o)
 .data          0x00000000004256a0        0x0 c:/mingw/bin/../lib/gcc/mingw32/4.8.1/../../../../mingw32/lib/libuser32.a(dmuvs00142.o)
 .data          0x00000000004256a0        0x0 c:/mingw/bin/../lib/gcc/mingw32/4.8.1/../../../../mingw32/lib/libuser32.a(dmuvs00180.o)
 .data          0x00000000004256a0        0x0 c:/mingw/bin/../lib/gcc/mingw32/4.8.1/../../../../mingw32/lib/libuser32.a(dmuvs00516.o)
 .data          0x00000000004256a0        0x0 c:/mingw/bin/../lib/gcc/mingw32/4.8.1/../../../../mingw32/lib/libuser32.a(dmuvs00134.o)
 .data          0x00000000004256a0        0x0 c:/mingw/bin/../lib/gcc/mingw32/4.8.1/../../../../mingw32/lib/libuser32.a(dmuvs00468.o)
 .data          0x00000000004256a0        0x0 c:/mingw/bin/../lib/gcc/mingw32/4.8.1/../../../../mingw32/lib/libuser32.a(dmuvs00491.o)
 .data          0x00000000004256a0        0x0 c:/mingw/bin/../lib/gcc/mingw32/4.8.1/../../../../mingw32/lib/libuser32.a(dmuvs00283.o)
 .data          0x00000000004256a0        0x0 c:/mingw/bin/../lib/gcc/mingw32/4.8.1/../../../../mingw32/lib/libuser32.a(dmuvs00466.o)
 .data          0x00000000004256a0        0x0 c:/mingw/bin/../lib/gcc/mingw32/4.8.1/../../../../mingw32/lib/libuser32.a(dmuvs00508.o)
 .data          0x00000000004256a0        0x0 c:/mingw/bin/../lib/gcc/mingw32/4.8.1/../../../../mingw32/lib/libuser32.a(dmuvs00287.o)
 .data          0x00000000004256a0        0x0 c:/mingw/bin/../lib/gcc/mingw32/4.8.1/../../../../mingw32/lib/libuser32.a(dmuvs00602.o)
 .data          0x00000000004256a0        0x0 c:/mingw/bin/../lib/gcc/mingw32/4.8.1/../../../../mingw32/lib/libuser32.a(dmuvs00247.o)
 .data          0x00000000004256a0        0x0 c:/mingw/bin/../lib/gcc/mingw32/4.8.1/../../../../mingw32/lib/libuser32.a(dmuvs00080.o)
 .data          0x00000000004256a0        0x0 c:/mingw/bin/../lib/gcc/mingw32/4.8.1/../../../../mingw32/lib/libuser32.a(dmuvs00585.o)
 .data          0x00000000004256a0        0x0 c:/mingw/bin/../lib/gcc/mingw32/4.8.1/../../../../mingw32/lib/libuser32.a(dmuvs00285.o)
 .data          0x00000000004256a0        0x0 c:/mingw/bin/../lib/gcc/mingw32/4.8.1/../../../../mingw32/lib/libuser32.a(dmuvs00495.o)
 .data          0x00000000004256a0        0x0 c:/mingw/bin/../lib/gcc/mingw32/4.8.1/../../../../mingw32/lib/libuser32.a(dmuvs00365.o)
 .data          0x00000000004256a0        0x0 c:/mingw/bin/../lib/gcc/mingw32/4.8.1/../../../../mingw32/lib/libuser32.a(dmuvs00405.o)
 .data          0x00000000004256a0        0x0 c:/mingw/bin/../lib/gcc/mingw32/4.8.1/../../../../mingw32/lib/libuser32.a(dmuvs00479.o)
 .data          0x00000000004256a0        0x0 c:/mingw/bin/../lib/gcc/mingw32/4.8.1/../../../../mingw32/lib/libuser32.a(dmuvs00090.o)
 .data          0x00000000004256a0        0x0 c:/mingw/bin/../lib/gcc/mingw32/4.8.1/../../../../mingw32/lib/libuser32.a(dmuvs00089.o)
 .data          0x00000000004256a0        0x0 c:/mingw/bin/../lib/gcc/mingw32/4.8.1/../../../../mingw32/lib/libuser32.a(dmuvs00088.o)
 .data          0x00000000004256a0        0x0 c:/mingw/bin/../lib/gcc/mingw32/4.8.1/../../../../mingw32/lib/libuser32.a(dmuvs00006.o)
 .data          0x00000000004256a0        0x0 c:/mingw/bin/../lib/gcc/mingw32/4.8.1/../../../../mingw32/lib/libuser32.a(dmuvs00540.o)
 .data          0x00000000004256a0        0x0 c:/mingw/bin/../lib/gcc/mingw32/4.8.1/../../../../mingw32/lib/libuser32.a(dmuvs00293.o)
 .data          0x00000000004256a0        0x0 c:/mingw/bin/../lib/gcc/mingw32/4.8.1/../../../../mingw32/lib/libuser32.a(dmuvs00394.o)
 .data          0x00000000004256a0        0x0 c:/mingw/bin/../lib/gcc/mingw32/4.8.1/../../../../mingw32/lib/libuser32.a(dmuvs00384.o)
 .data          0x00000000004256a0        0x0 c:/mingw/bin/../lib/gcc/mingw32/4.8.1/../../../../mingw32/lib/libuser32.a(dmuvs00608.o)
 .data          0x00000000004256a0        0x0 c:/mingw/bin/../lib/gcc/mingw32/4.8.1/../../../../mingw32/lib/libuser32.a(dmuvs00149.o)
 .data          0x00000000004256a0        0x0 c:/mingw/bin/../lib/gcc/mingw32/4.8.1/../../../../mingw32/lib/libuser32.a(dmuvs00143.o)
 .data          0x00000000004256a0        0x0 c:/mingw/bin/../lib/gcc/mingw32/4.8.1/../../../../mingw32/lib/libuser32.a(dmuvs00210.o)
 .data          0x00000000004256a0        0x0 c:/mingw/bin/../lib/gcc/mingw32/4.8.1/../../../../mingw32/lib/libuser32.a(dmuvs00437.o)
 .data          0x00000000004256a0        0x0 c:/mingw/bin/../lib/gcc/mingw32/4.8.1/../../../../mingw32/lib/libuser32.a(dmuvs00255.o)
 .data          0x00000000004256a0        0x0 c:/mingw/bin/../lib/gcc/mingw32/4.8.1/../../../../mingw32/lib/libuser32.a(dmuvh.o)
 .data          0x00000000004256a0        0x0 c:/mingw/bin/../lib/gcc/mingw32/4.8.1/../../../../mingw32/lib/libuser32.a(dmuvt.o)
 .data          0x00000000004256a0        0x0 c:/mingw/bin/../lib/gcc/mingw32/4.8.1/../../../../mingw32/lib/libcrypt32.a(disvs00024.o)
 .data          0x00000000004256a0        0x0 c:/mingw/bin/../lib/gcc/mingw32/4.8.1/../../../../mingw32/lib/libcrypt32.a(disvs00011.o)
 .data          0x00000000004256a0        0x0 c:/mingw/bin/../lib/gcc/mingw32/4.8.1/../../../../mingw32/lib/libcrypt32.a(disvs00002.o)
 .data          0x00000000004256a0        0x0 c:/mingw/bin/../lib/gcc/mingw32/4.8.1/../../../../mingw32/lib/libcrypt32.a(disvs00029.o)
 .data          0x00000000004256a0        0x0 c:/mingw/bin/../lib/gcc/mingw32/4.8.1/../../../../mingw32/lib/libcrypt32.a(disvs00000.o)
 .data          0x00000000004256a0        0x0 c:/mingw/bin/../lib/gcc/mingw32/4.8.1/../../../../mingw32/lib/libcrypt32.a(disvs00010.o)
 .data          0x00000000004256a0        0x0 c:/mingw/bin/../lib/gcc/mingw32/4.8.1/../../../../mingw32/lib/libcrypt32.a(disvs00030.o)
 .data          0x00000000004256a0        0x0 c:/mingw/bin/../lib/gcc/mingw32/4.8.1/../../../../mingw32/lib/libcrypt32.a(disvs00019.o)
 .data          0x00000000004256a0        0x0 c:/mingw/bin/../lib/gcc/mingw32/4.8.1/../../../../mingw32/lib/libcrypt32.a(disvs00015.o)
 .data          0x00000000004256a0        0x0 c:/mingw/bin/../lib/gcc/mingw32/4.8.1/../../../../mingw32/lib/libcrypt32.a(disvh.o)
 .data          0x00000000004256a0        0x0 c:/mingw/bin/../lib/gcc/mingw32/4.8.1/../../../../mingw32/lib/libcrypt32.a(disvt.o)
 .data          0x00000000004256a0        0x0 c:/mingw/bin/../lib/gcc/mingw32/4.8.1/../../../../mingw32/lib/libmingw32.a(tlssup.o)
 .data          0x00000000004256a0        0x4 c:/mingw/bin/../lib/gcc/mingw32/4.8.1/../../../../mingw32/lib/libmingw32.a(CRTglob.o)
                0x00000000004256a0                _CRT_glob
 .data          0x00000000004256a4        0x0 c:/mingw/bin/../lib/gcc/mingw32/4.8.1/../../../../mingw32/lib/libmingw32.a(CRTfmode.o)
 .data          0x00000000004256a4        0x4 c:/mingw/bin/../lib/gcc/mingw32/4.8.1/../../../../mingw32/lib/libmingw32.a(txtmode.o)
                0x00000000004256a4                _fmode
 .data          0x00000000004256a8        0x0 c:/mingw/bin/../lib/gcc/mingw32/4.8.1/../../../../mingw32/lib/libmingw32.a(CRT_fp10.o)
 .data          0x00000000004256a8        0x0 c:/mingw/bin/../lib/gcc/mingw32/4.8.1/../../../../mingw32/lib/libmingw32.a(cpu_features.o)
 .data          0x00000000004256a8        0x0 c:/mingw/bin/../lib/gcc/mingw32/4.8.1/../../../../mingw32/lib/libmingw32.a(pseudo-reloc.o)
 .data          0x00000000004256a8        0x4 c:/mingw/bin/../lib/gcc/mingw32/4.8.1/../../../../mingw32/lib/libmingw32.a(gccmain.o)
 .data          0x00000000004256ac        0x0 c:/mingw/bin/../lib/gcc/mingw32/4.8.1/../../../../mingw32/lib/libmingw32.a(main.o)
 .data          0x00000000004256ac        0x0 c:/mingw/bin/../lib/gcc/mingw32/4.8.1/../../../../mingw32/lib/libmingw32.a(crtst.o)
 .data          0x00000000004256ac        0x0 c:/mingw/bin/../lib/gcc/mingw32/4.8.1/../../../../mingw32/lib/libmingw32.a(tlsthrd.o)
 .data          0x00000000004256ac        0x0 c:/mingw/bin/../lib/gcc/mingw32/4.8.1/../../../../mingw32/lib/libmingw32.a(pseudo-reloc-list.o)
 .data          0x00000000004256ac        0x0 c:/mingw/bin/../lib/gcc/mingw32/4.8.1/libgcc.a(_chkstk_ms.o)
 .data          0x00000000004256ac        0x0 c:/mingw/bin/../lib/gcc/mingw32/4.8.1/libgcc.a(_umoddi3.o)
 .data          0x00000000004256ac        0x0 c:/mingw/bin/../lib/gcc/mingw32/4.8.1/libgcc.a(_udivdi3.o)
 .data          0x00000000004256ac        0x0 c:/mingw/bin/../lib/gcc/mingw32/4.8.1/libgcc.a(_chkstk.o)
 .data          0x00000000004256ac        0x0 c:/mingw/bin/../lib/gcc/mingw32/4.8.1/libgcc.a(_ctors.o)
 .data          0x00000000004256ac        0x0 c:/mingw/bin/../lib/gcc/mingw32/4.8.1/../../../../mingw32/lib/libmoldname.a(dovus00097.o)
 .data          0x00000000004256ac        0x0 c:/mingw/bin/../lib/gcc/mingw32/4.8.1/../../../../mingw32/lib/libmoldname.a(dovus00081.o)
 .data          0x00000000004256ac        0x0 c:/mingw/bin/../lib/gcc/mingw32/4.8.1/../../../../mingw32/lib/libmoldname.a(dovuh.o)
 .data          0x00000000004256ac        0x0 c:/mingw/bin/../lib/gcc/mingw32/4.8.1/../../../../mingw32/lib/libmoldname.a(dovut.o)
 .data          0x00000000004256ac        0x0 c:/mingw/bin/../lib/gcc/mingw32/4.8.1/../../../../mingw32/lib/libmingwex.a(glob.o)
 .data          0x00000000004256ac        0x0 c:/mingw/bin/../lib/gcc/mingw32/4.8.1/../../../../mingw32/lib/libmingwex.a(dirent.o)
 .data          0x00000000004256ac        0xc c:/mingw/bin/../lib/gcc/mingw32/4.8.1/../../../../mingw32/lib/libmingwex.a(getopt.o)
                0x00000000004256ac                optopt
                0x00000000004256b0                opterr
                0x00000000004256b4                optind
 .data          0x00000000004256b8        0x0 c:/mingw/bin/../lib/gcc/mingw32/4.8.1/../../../../mingw32/lib/libmingwex.a(dirname.o)
 .data          0x00000000004256b8        0x0 c:/mingw/bin/../lib/gcc/mingw32/4.8.1/../../../../mingw32/lib/libmsvcrt.a(dyqzs00296.o)
 .data          0x00000000004256b8        0x0 c:/mingw/bin/../lib/gcc/mingw32/4.8.1/../../../../mingw32/lib/libmsvcrt.a(dyqzs00105.o)
 .data          0x00000000004256b8        0x0 c:/mingw/bin/../lib/gcc/mingw32/4.8.1/../../../../mingw32/lib/libmsvcrt.a(dyqzs00646.o)
 .data          0x00000000004256b8        0x0 c:/mingw/bin/../lib/gcc/mingw32/4.8.1/../../../../mingw32/lib/libmsvcrt.a(dyqzs00417.o)
 .data          0x00000000004256b8        0x0 c:/mingw/bin/../lib/gcc/mingw32/4.8.1/../../../../mingw32/lib/libmsvcrt.a(dyqzs00762.o)
 .data          0x00000000004256b8        0x0 c:/mingw/bin/../lib/gcc/mingw32/4.8.1/../../../../mingw32/lib/libmsvcrt.a(dyqzs00466.o)
 .data          0x00000000004256b8        0x0 c:/mingw/bin/../lib/gcc/mingw32/4.8.1/../../../../mingw32/lib/libmsvcrt.a(dyqzs00084.o)
 .data          0x00000000004256b8        0x0 c:/mingw/bin/../lib/gcc/mingw32/4.8.1/../../../../mingw32/lib/libmsvcrt.a(dyqzs00082.o)
 .data          0x00000000004256b8        0x0 c:/mingw/bin/../lib/gcc/mingw32/4.8.1/../../../../mingw32/lib/libmsvcrt.a(dyqzs00154.o)
 .data          0x00000000004256b8        0x0 c:/mingw/bin/../lib/gcc/mingw32/4.8.1/../../../../mingw32/lib/libmsvcrt.a(dyqzs00708.o)
 .data          0x00000000004256b8        0x0 c:/mingw/bin/../lib/gcc/mingw32/4.8.1/../../../../mingw32/lib/libmsvcrt.a(dyqzs00059.o)
 .data          0x00000000004256b8        0x0 c:/mingw/bin/../lib/gcc/mingw32/4.8.1/../../../../mingw32/lib/libmsvcrt.a(dyqzs00771.o)
 .data          0x00000000004256b8        0x0 c:/mingw/bin/../lib/gcc/mingw32/4.8.1/../../../../mingw32/lib/libmsvcrt.a(dyqzs00144.o)
 .data          0x00000000004256b8        0x0 c:/mingw/bin/../lib/gcc/mingw32/4.8.1/../../../../mingw32/lib/libmsvcrt.a(dyqzs00777.o)
 .data          0x00000000004256b8        0x0 c:/mingw/bin/../lib/gcc/mingw32/4.8.1/../../../../mingw32/lib/libmsvcrt.a(dyqzs00738.o)
 .data          0x00000000004256b8        0x0 c:/mingw/bin/../lib/gcc/mingw32/4.8.1/../../../../mingw32/lib/libmsvcrt.a(dyqzs00736.o)
 .data          0x00000000004256b8        0x0 c:/mingw/bin/../lib/gcc/mingw32/4.8.1/../../../../mingw32/lib/libmsvcrt.a(dyqzs00070.o)
 .data          0x00000000004256b8        0x0 c:/mingw/bin/../lib/gcc/mingw32/4.8.1/../../../../mingw32/lib/libmsvcrt.a(dyqzs00426.o)
 .data          0x00000000004256b8        0x0 c:/mingw/bin/../lib/gcc/mingw32/4.8.1/../../../../mingw32/lib/libmsvcrt.a(dyqzs00788.o)
 .data          0x00000000004256b8        0x0 c:/mingw/bin/../lib/gcc/mingw32/4.8.1/../../../../mingw32/lib/libmsvcrt.a(dyqzs00298.o)
 .data          0x00000000004256b8        0x0 c:/mingw/bin/../lib/gcc/mingw32/4.8.1/../../../../mingw32/lib/libmsvcrt.a(dyqzs00787.o)
 .data          0x00000000004256b8        0x0 c:/mingw/bin/../lib/gcc/mingw32/4.8.1/../../../../mingw32/lib/libmsvcrt.a(dyqzs00681.o)
 .data          0x00000000004256b8        0x0 c:/mingw/bin/../lib/gcc/mingw32/4.8.1/../../../../mingw32/lib/libmsvcrt.a(dyqzs00732.o)
 .data          0x00000000004256b8        0x0 c:/mingw/bin/../lib/gcc/mingw32/4.8.1/../../../../mingw32/lib/libmsvcrt.a(dyqzs00773.o)
 .data          0x00000000004256b8        0x0 c:/mingw/bin/../lib/gcc/mingw32/4.8.1/../../../../mingw32/lib/libmsvcrt.a(dyqzs00754.o)
 .data          0x00000000004256b8        0x0 c:/mingw/bin/../lib/gcc/mingw32/4.8.1/../../../../mingw32/lib/libmsvcrt.a(dyqzs00535.o)
 .data          0x00000000004256b8        0x0 c:/mingw/bin/../lib/gcc/mingw32/4.8.1/../../../../mingw32/lib/libmsvcrt.a(dyqzs00669.o)
 .data          0x00000000004256b8        0x0 c:/mingw/bin/../lib/gcc/mingw32/4.8.1/../../../../mingw32/lib/libmsvcrt.a(dyqzs00740.o)
 .data          0x00000000004256b8        0x0 c:/mingw/bin/../lib/gcc/mingw32/4.8.1/../../../../mingw32/lib/libmsvcrt.a(dyqzs00639.o)
 .data          0x00000000004256b8        0x0 c:/mingw/bin/../lib/gcc/mingw32/4.8.1/../../../../mingw32/lib/libmsvcrt.a(dyqzs00739.o)
 .data          0x00000000004256b8        0x0 c:/mingw/bin/../lib/gcc/mingw32/4.8.1/../../../../mingw32/lib/libmsvcrt.a(dyqzs00765.o)
 .data          0x00000000004256b8        0x0 c:/mingw/bin/../lib/gcc/mingw32/4.8.1/../../../../mingw32/lib/libmsvcrt.a(dyqzs00737.o)
 .data          0x00000000004256b8        0x0 c:/mingw/bin/../lib/gcc/mingw32/4.8.1/../../../../mingw32/lib/libmsvcrt.a(dyqzs00680.o)
 .data          0x00000000004256b8        0x0 c:/mingw/bin/../lib/gcc/mingw32/4.8.1/../../../../mingw32/lib/libmsvcrt.a(dyqzs00663.o)
 .data          0x00000000004256b8        0x0 c:/mingw/bin/../lib/gcc/mingw32/4.8.1/../../../../mingw32/lib/libmsvcrt.a(dyqzs00667.o)
 .data          0x00000000004256b8        0x0 c:/mingw/bin/../lib/gcc/mingw32/4.8.1/../../../../mingw32/lib/libmsvcrt.a(dyqzs00802.o)
 .data          0x00000000004256b8        0x0 c:/mingw/bin/../lib/gcc/mingw32/4.8.1/../../../../mingw32/lib/libmsvcrt.a(dyqzs00674.o)
 .data          0x00000000004256b8        0x0 c:/mingw/bin/../lib/gcc/mingw32/4.8.1/../../../../mingw32/lib/libmsvcrt.a(dyqzs00648.o)
 .data          0x00000000004256b8        0x0 c:/mingw/bin/../lib/gcc/mingw32/4.8.1/../../../../mingw32/lib/libmsvcrt.a(dyqzs00675.o)
 .data          0x00000000004256b8        0x0 c:/mingw/bin/../lib/gcc/mingw32/4.8.1/../../../../mingw32/lib/libmsvcrt.a(dyqzs00689.o)
 .data          0x00000000004256b8        0x0 c:/mingw/bin/../lib/gcc/mingw32/4.8.1/../../../../mingw32/lib/libmsvcrt.a(dyqzs00676.o)
 .data          0x00000000004256b8        0x0 c:/mingw/bin/../lib/gcc/mingw32/4.8.1/../../../../mingw32/lib/libmsvcrt.a(dyqzs00780.o)
 .data          0x00000000004256b8        0x0 c:/mingw/bin/../lib/gcc/mingw32/4.8.1/../../../../mingw32/lib/libmsvcrt.a(dyqzs00782.o)
 .data          0x00000000004256b8        0x0 c:/mingw/bin/../lib/gcc/mingw32/4.8.1/../../../../mingw32/lib/libmsvcrt.a(dyqzs00774.o)
 .data          0x00000000004256b8        0x0 c:/mingw/bin/../lib/gcc/mingw32/4.8.1/../../../../mingw32/lib/libmsvcrt.a(dyqzs00693.o)
 .data          0x00000000004256b8        0x0 c:/mingw/bin/../lib/gcc/mingw32/4.8.1/../../../../mingw32/lib/libmsvcrt.a(dyqzs00770.o)
 .data          0x00000000004256b8        0x0 c:/mingw/bin/../lib/gcc/mingw32/4.8.1/../../../../mingw32/lib/libmsvcrt.a(dyqzs00745.o)
 .data          0x00000000004256b8        0x0 c:/mingw/bin/../lib/gcc/mingw32/4.8.1/../../../../mingw32/lib/libmsvcrt.a(dyqzs00660.o)
 .data          0x00000000004256b8        0x0 c:/mingw/bin/../lib/gcc/mingw32/4.8.1/../../../../mingw32/lib/libmsvcrt.a(dyqzs00439.o)
 .data          0x00000000004256b8        0x0 c:/mingw/bin/../lib/gcc/mingw32/4.8.1/../../../../mingw32/lib/libmsvcrt.a(dyqzs00748.o)
 .data          0x00000000004256b8        0x0 c:/mingw/bin/../lib/gcc/mingw32/4.8.1/../../../../mingw32/lib/libmsvcrt.a(dyqzs00784.o)
 .data          0x00000000004256b8        0x0 c:/mingw/bin/../lib/gcc/mingw32/4.8.1/../../../../mingw32/lib/libmsvcrt.a(dyqzs00651.o)
 .data          0x00000000004256b8        0x0 c:/mingw/bin/../lib/gcc/mingw32/4.8.1/../../../../mingw32/lib/libmsvcrt.a(dyqzs00795.o)
 .data          0x00000000004256b8        0x0 c:/mingw/bin/../lib/gcc/mingw32/4.8.1/../../../../mingw32/lib/libmsvcrt.a(dyqzs00767.o)
 .data          0x00000000004256b8        0x0 c:/mingw/bin/../lib/gcc/mingw32/4.8.1/../../../../mingw32/lib/libmsvcrt.a(dyqzs00753.o)
 .data          0x00000000004256b8        0x0 c:/mingw/bin/../lib/gcc/mingw32/4.8.1/../../../../mingw32/lib/libmsvcrt.a(dyqzs00341.o)