Archive member included because of file (symbol)

../../bcrypt.a(bcrypt.o)      winplink.o (buncrypt_string_base64)
../../mini.a(mini.o)          kitty_commun.o (readINI)
c:/mingw/bin/../lib/gcc/mingw32/4.8.1/../../../../mingw32/lib/libadvapi32.a(dofzs00412.o)
                              WINGSS.o (RegOpenKeyA@12)
c:/mingw/bin/../lib/gcc/mingw32/4.8.1/../../../../mingw32/lib/libadvapi32.a(dofzs00423.o)
                              WINGSS.o (RegQueryValueExA@24)
c:/mingw/bin/../lib/gcc/mingw32/4.8.1/../../../../mingw32/lib/libadvapi32.a(dofzs00386.o)
                              WINGSS.o (RegCloseKey@4)
c:/mingw/bin/../lib/gcc/mingw32/4.8.1/../../../../mingw32/lib/libadvapi32.a(dofzs00245.o)
                              winmisc.o (GetUserNameA@8)
c:/mingw/bin/../lib/gcc/mingw32/4.8.1/../../../../mingw32/lib/libadvapi32.a(dofzs00196.o)
                              winpgntc.o (GetLengthSid@4)
c:/mingw/bin/../lib/gcc/mingw32/4.8.1/../../../../mingw32/lib/libadvapi32.a(dofzs00083.o)
                              winpgntc.o (CopySid@12)
c:/mingw/bin/../lib/gcc/mingw32/4.8.1/../../../../mingw32/lib/libadvapi32.a(dofzs00393.o)
                              winstore.o (RegDeleteKeyA@8)
c:/mingw/bin/../lib/gcc/mingw32/4.8.1/../../../../mingw32/lib/libadvapi32.a(dofzs00400.o)
                              winstore.o (RegEnumKeyA@16)
c:/mingw/bin/../lib/gcc/mingw32/4.8.1/../../../../mingw32/lib/libadvapi32.a(dofzs00389.o)
                              winstore.o (RegCreateKeyA@12)
c:/mingw/bin/../lib/gcc/mingw32/4.8.1/../../../../mingw32/lib/libadvapi32.a(dofzs00434.o)
                              winstore.o (RegSetValueExA@24)
c:/mingw/bin/../lib/gcc/mingw32/4.8.1/../../../../mingw32/lib/libadvapi32.a(dofzs00390.o)
                              winstore.o (RegCreateKeyExA@36)
c:/mingw/bin/../lib/gcc/mingw32/4.8.1/../../../../mingw32/lib/libadvapi32.a(dofzs00397.o)
                              winstore.o (RegDeleteValueA@8)
c:/mingw/bin/../lib/gcc/mingw32/4.8.1/../../../../mingw32/lib/libadvapi32.a(dofzs00120.o)
                              wincapi.o (CryptReleaseContext@8)
c:/mingw/bin/../lib/gcc/mingw32/4.8.1/../../../../mingw32/lib/libadvapi32.a(dofzs00096.o)
                              wincapi.o (CryptCreateHash@20)
c:/mingw/bin/../lib/gcc/mingw32/4.8.1/../../../../mingw32/lib/libadvapi32.a(dofzs00117.o)
                              wincapi.o (CryptHashData@16)
c:/mingw/bin/../lib/gcc/mingw32/4.8.1/../../../../mingw32/lib/libadvapi32.a(dofzs00128.o)
                              wincapi.o (CryptSignHashA@24)
c:/mingw/bin/../lib/gcc/mingw32/4.8.1/../../../../mingw32/lib/libadvapi32.a(dofzs00099.o)
                              wincapi.o (CryptDestroyHash@4)
c:/mingw/bin/../lib/gcc/mingw32/4.8.1/../../../../mingw32/lib/libadvapi32.a(dofzs00439.o)
                              sc.o (RegisterEventSourceA@8)
c:/mingw/bin/../lib/gcc/mingw32/4.8.1/../../../../mingw32/lib/libadvapi32.a(dofzs00449.o)
                              sc.o (ReportEventA@36)
c:/mingw/bin/../lib/gcc/mingw32/4.8.1/../../../../mingw32/lib/libadvapi32.a(dofzs00136.o)
                              sc.o (DeregisterEventSource@4)
c:/mingw/bin/../lib/gcc/mingw32/4.8.1/../../../../mingw32/lib/libadvapi32.a(dofzs00413.o)
                              kitty_registry.o (RegOpenKeyExA@20)
c:/mingw/bin/../lib/gcc/mingw32/4.8.1/../../../../mingw32/lib/libadvapi32.a(dofzs00418.o)
                              kitty_registry.o (RegQueryInfoKeyA@48)
c:/mingw/bin/../lib/gcc/mingw32/4.8.1/../../../../mingw32/lib/libadvapi32.a(dofzs00401.o)
                              kitty_registry.o (RegEnumKeyExA@32)
c:/mingw/bin/../lib/gcc/mingw32/4.8.1/../../../../mingw32/lib/libadvapi32.a(dofzs00404.o)
                              kitty_registry.o (RegEnumValueA@32)
c:/mingw/bin/../lib/gcc/mingw32/4.8.1/../../../../mingw32/lib/libadvapi32.a(dofzh.o)
                              c:/mingw/bin/../lib/gcc/mingw32/4.8.1/../../../../mingw32/lib/libadvapi32.a(dofzs00412.o) (_head_libadvapi32_a)
c:/mingw/bin/../lib/gcc/mingw32/4.8.1/../../../../mingw32/lib/libadvapi32.a(dofzt.o)
                              c:/mingw/bin/../lib/gcc/mingw32/4.8.1/../../../../mingw32/lib/libadvapi32.a(dofzh.o) (_libadvapi32_a_iname)
c:/mingw/bin/../lib/gcc/mingw32/4.8.1/../../../../mingw32/lib/libuser32.a(dmuvs00259.o)
                              winnoise.o (GetForegroundWindow@0)
c:/mingw/bin/../lib/gcc/mingw32/4.8.1/../../../../mingw32/lib/libuser32.a(dmuvs00224.o)
                              winnoise.o (GetCapture@0)
c:/mingw/bin/../lib/gcc/mingw32/4.8.1/../../../../mingw32/lib/libuser32.a(dmuvs00241.o)
                              winnoise.o (GetClipboardOwner@0)
c:/mingw/bin/../lib/gcc/mingw32/4.8.1/../../../../mingw32/lib/libuser32.a(dmuvs00310.o)
                              winnoise.o (GetQueueStatus@4)
c:/mingw/bin/../lib/gcc/mingw32/4.8.1/../../../../mingw32/lib/libuser32.a(dmuvs00247.o)
                              winnoise.o (GetCursorPos@4)
c:/mingw/bin/../lib/gcc/mingw32/4.8.1/../../../../mingw32/lib/libuser32.a(dmuvs00210.o)
                              winpgntc.o (FindWindowA@8)
c:/mingw/bin/../lib/gcc/mingw32/4.8.1/../../../../mingw32/lib/libuser32.a(dmuvs00508.o)
                              winpgntc.o (SendMessageA@16)
c:/mingw/bin/../lib/gcc/mingw32/4.8.1/../../../../mingw32/lib/libuser32.a(dmuvs00469.o)
                              winplink.o (PostThreadMessageA@16)
c:/mingw/bin/../lib/gcc/mingw32/4.8.1/../../../../mingw32/lib/libuser32.a(dmuvs00446.o)
                              winplink.o (MsgWaitForMultipleObjects@20)
c:/mingw/bin/../lib/gcc/mingw32/4.8.1/../../../../mingw32/lib/libuser32.a(dmuvs00464.o)
                              winplink.o (PeekMessageA@20)
c:/mingw/bin/../lib/gcc/mingw32/4.8.1/../../../../mingw32/lib/libuser32.a(dmuvs00218.o)
                              winstore.o (GetActiveWindow@0)
c:/mingw/bin/../lib/gcc/mingw32/4.8.1/../../../../mingw32/lib/libuser32.a(dmuvs00275.o)
                              winstore.o (GetLastActivePopup@4)
c:/mingw/bin/../lib/gcc/mingw32/4.8.1/../../../../mingw32/lib/libuser32.a(dmuvs00434.o)
                              winstore.o (MessageBoxA@16)
c:/mingw/bin/../lib/gcc/mingw32/4.8.1/../../../../mingw32/lib/libuser32.a(dmuvs00455.o)
                              sc.o (OpenClipboard@4)
c:/mingw/bin/../lib/gcc/mingw32/4.8.1/../../../../mingw32/lib/libuser32.a(dmuvs00177.o)
                              sc.o (EmptyClipboard@0)
c:/mingw/bin/../lib/gcc/mingw32/4.8.1/../../../../mingw32/lib/libuser32.a(dmuvs00523.o)
                              sc.o (SetClipboardData@8)
c:/mingw/bin/../lib/gcc/mingw32/4.8.1/../../../../mingw32/lib/libuser32.a(dmuvs00061.o)
                              sc.o (CloseClipboard@0)
c:/mingw/bin/../lib/gcc/mingw32/4.8.1/../../../../mingw32/lib/libuser32.a(dmuvh.o)
                              c:/mingw/bin/../lib/gcc/mingw32/4.8.1/../../../../mingw32/lib/libuser32.a(dmuvs00259.o) (_head_libuser32_a)
c:/mingw/bin/../lib/gcc/mingw32/4.8.1/../../../../mingw32/lib/libuser32.a(dmuvt.o)
                              c:/mingw/bin/../lib/gcc/mingw32/4.8.1/../../../../mingw32/lib/libuser32.a(dmuvh.o) (_libuser32_a_iname)
c:/mingw/bin/../lib/gcc/mingw32/4.8.1/../../../../mingw32/lib/libcrypt32.a(disvs00024.o)
                              wincapi.o (CertOpenStore@20)
c:/mingw/bin/../lib/gcc/mingw32/4.8.1/../../../../mingw32/lib/libcrypt32.a(disvs00011.o)
                              wincapi.o (CertFindCertificateInStore@24)
c:/mingw/bin/../lib/gcc/mingw32/4.8.1/../../../../mingw32/lib/libcrypt32.a(disvs00002.o)
                              wincapi.o (CertCloseStore@8)
c:/mingw/bin/../lib/gcc/mingw32/4.8.1/../../../../mingw32/lib/libcrypt32.a(disvs00029.o)
                              wincapi.o (CryptAcquireCertificatePrivateKey@24)
c:/mingw/bin/../lib/gcc/mingw32/4.8.1/../../../../mingw32/lib/libcrypt32.a(disvs00000.o)
                              wincapi.o (CertAddCertificateContextToStore@16)
c:/mingw/bin/../lib/gcc/mingw32/4.8.1/../../../../mingw32/lib/libcrypt32.a(disvs00010.o)
                              wincapi.o (CertEnumCertificatesInStore@8)
c:/mingw/bin/../lib/gcc/mingw32/4.8.1/../../../../mingw32/lib/libcrypt32.a(disvs00030.o)
                              wincapi.o (CryptDecodeObject@28)
c:/mingw/bin/../lib/gcc/mingw32/4.8.1/../../../../mingw32/lib/libcrypt32.a(disvs00019.o)
                              wincapi.o (CertGetNameStringA@24)
c:/mingw/bin/../lib/gcc/mingw32/4.8.1/../../../../mingw32/lib/libcrypt32.a(disvs00015.o)
                              wincapi.o (CertFreeCertificateContext@4)
c:/mingw/bin/../lib/gcc/mingw32/4.8.1/../../../../mingw32/lib/libcrypt32.a(disvh.o)
                              c:/mingw/bin/../lib/gcc/mingw32/4.8.1/../../../../mingw32/lib/libcrypt32.a(disvs00024.o) (_head_libcrypt32_a)
c:/mingw/bin/../lib/gcc/mingw32/4.8.1/../../../../mingw32/lib/libcrypt32.a(disvt.o)
                              c:/mingw/bin/../lib/gcc/mingw32/4.8.1/../../../../mingw32/lib/libcrypt32.a(disvh.o) (_libcrypt32_a_iname)
c:/mingw/bin/../lib/gcc/mingw32/4.8.1/../../../../mingw32/lib/libmingw32.a(tlssup.o)
                              c:/mingw/bin/../lib/gcc/mingw32/4.8.1/../../../../mingw32/lib/crt2.o (__dyn_tls_init_callback)
c:/mingw/bin/../lib/gcc/mingw32/4.8.1/../../../../mingw32/lib/libmingw32.a(CRTglob.o)
                              c:/mingw/bin/../lib/gcc/mingw32/4.8.1/../../../../mingw32/lib/crt2.o (_CRT_glob)
c:/mingw/bin/../lib/gcc/mingw32/4.8.1/../../../../mingw32/lib/libmingw32.a(CRTfmode.o)
                              c:/mingw/bin/../lib/gcc/mingw32/4.8.1/../../../../mingw32/lib/crt2.o (_CRT_fmode)
c:/mingw/bin/../lib/gcc/mingw32/4.8.1/../../../../mingw32/lib/libmingw32.a(txtmode.o)
                              c:/mingw/bin/../lib/gcc/mingw32/4.8.1/../../../../mingw32/lib/crt2.o (_fmode)
c:/mingw/bin/../lib/gcc/mingw32/4.8.1/../../../../mingw32/lib/libmingw32.a(CRT_fp10.o)
                              c:/mingw/bin/../lib/gcc/mingw32/4.8.1/../../../../mingw32/lib/crt2.o (_fpreset)
c:/mingw/bin/../lib/gcc/mingw32/4.8.1/../../../../mingw32/lib/libmingw32.a(cpu_features.o)
                              c:/mingw/bin/../lib/gcc/mingw32/4.8.1/../../../../mingw32/lib/crt2.o (__cpu_features_init)
c:/mingw/bin/../lib/gcc/mingw32/4.8.1/../../../../mingw32/lib/libmingw32.a(pseudo-reloc.o)
                              c:/mingw/bin/../lib/gcc/mingw32/4.8.1/../../../../mingw32/lib/crt2.o (_pei386_runtime_relocator)
c:/mingw/bin/../lib/gcc/mingw32/4.8.1/../../../../mingw32/lib/libmingw32.a(gccmain.o)
                              c:/mingw/bin/../lib/gcc/mingw32/4.8.1/../../../../mingw32/lib/crt2.o (__main)
c:/mingw/bin/../lib/gcc/mingw32/4.8.1/../../../../mingw32/lib/libmingw32.a(crtst.o)
                              c:/mingw/bin/../lib/gcc/mingw32/4.8.1/../../../../mingw32/lib/libmingw32.a(tlssup.o) (_CRT_MT)
c:/mingw/bin/../lib/gcc/mingw32/4.8.1/../../../../mingw32/lib/libmingw32.a(tlsthrd.o)
                              c:/mingw/bin/../lib/gcc/mingw32/4.8.1/../../../../mingw32/lib/libmingw32.a(tlssup.o) (__mingw_TLScallback)
c:/mingw/bin/../lib/gcc/mingw32/4.8.1/../../../../mingw32/lib/libmingw32.a(pseudo-reloc-list.o)
                              c:/mingw/bin/../lib/gcc/mingw32/4.8.1/../../../../mingw32/lib/libmingw32.a(pseudo-reloc.o) (__RUNTIME_PSEUDO_RELOC_LIST__)
c:/mingw/bin/../lib/gcc/mingw32/4.8.1/libgcc.a(_chkstk_ms.o)
                              c:/mingw/bin/../lib/gcc/mingw32/4.8.1/../../../../mingw32/lib/crt2.o (__chkstk_ms)
c:/mingw/bin/../lib/gcc/mingw32/4.8.1/libgcc.a(_umoddi3.o)
                              sshbn.o (__umoddi3)
c:/mingw/bin/../lib/gcc/mingw32/4.8.1/libgcc.a(_udivdi3.o)
                              sshbn.o (__udivdi3)
c:/mingw/bin/../lib/gcc/mingw32/4.8.1/libgcc.a(_chkstk.o)
                              ../../bcrypt.a(bcrypt.o) (__chkstk)
c:/mingw/bin/../lib/gcc/mingw32/4.8.1/libgcc.a(_ctors.o)
                              c:/mingw/bin/../lib/gcc/mingw32/4.8.1/../../../../mingw32/lib/libmingw32.a(gccmain.o) (__DTOR_LIST__)
c:/mingw/bin/../lib/gcc/mingw32/4.8.1/../../../../mingw32/lib/libmoldname.a(dovus00055.o)
                              logging.o (mkdir)
c:/mingw/bin/../lib/gcc/mingw32/4.8.1/../../../../mingw32/lib/libmoldname.a(dovus00084.o)
                              proxy.o (strnicmp)
c:/mingw/bin/../lib/gcc/mingw32/4.8.1/../../../../mingw32/lib/libmoldname.a(dovus00081.o)
                              ssh.o (stricmp)
c:/mingw/bin/../lib/gcc/mingw32/4.8.1/../../../../mingw32/lib/libmoldname.a(dovus00052.o)
                              winstore.o (ltoa)
c:/mingw/bin/../lib/gcc/mingw32/4.8.1/../../../../mingw32/lib/libmoldname.a(dovus00043.o)
                              winstore.o (itoa)
c:/mingw/bin/../lib/gcc/mingw32/4.8.1/../../../../mingw32/lib/libmoldname.a(dovus00097.o)
                              kitty_registry.o (unlink)
c:/mingw/bin/../lib/gcc/mingw32/4.8.1/../../../../mingw32/lib/libmoldname.a(dovus00062.o)
                              kitty_tools.o (putenv)
c:/mingw/bin/../lib/gcc/mingw32/4.8.1/../../../../mingw32/lib/libmoldname.a(dovuh.o)
                              c:/mingw/bin/../lib/gcc/mingw32/4.8.1/../../../../mingw32/lib/libmoldname.a(dovus00055.o) (_head_libmoldname_a)
c:/mingw/bin/../lib/gcc/mingw32/4.8.1/../../../../mingw32/lib/libmoldname.a(dovut.o)
                              c:/mingw/bin/../lib/gcc/mingw32/4.8.1/../../../../mingw32/lib/libmoldname.a(dovuh.o) (_libmoldname_a_iname)
c:/mingw/bin/../lib/gcc/mingw32/4.8.1/../../../../mingw32/lib/libmingwex.a(glob.o)
                              c:/mingw/bin/../lib/gcc/mingw32/4.8.1/../../../../mingw32/lib/crt2.o (__mingw_glob)
c:/mingw/bin/../lib/gcc/mingw32/4.8.1/../../../../mingw32/lib/libmingwex.a(dirent.o)
                              kitty_commun.o (opendir)
c:/mingw/bin/../lib/gcc/mingw32/4.8.1/../../../../mingw32/lib/libmingwex.a(getopt.o)
                              ../../bcrypt.a(bcrypt.o) (getopt)
c:/mingw/bin/../lib/gcc/mingw32/4.8.1/../../../../mingw32/lib/libmingwex.a(dirname.o)
                              c:/mingw/bin/../lib/gcc/mingw32/4.8.1/../../../../mingw32/lib/libmingwex.a(glob.o) (dirname)
c:/mingw/bin/../lib/gcc/mingw32/4.8.1/../../../../mingw32/lib/libmsvcrt.a(dyqzs00296.o)
                              c:/mingw/bin/../lib/gcc/mingw32/4.8.1/../../../../mingw32/lib/crt2.o (_imp___iob)
c:/mingw/bin/../lib/gcc/mingw32/4.8.1/../../../../mingw32/lib/libmsvcrt.a(dyqzs00105.o)
                              c:/mingw/bin/../lib/gcc/mingw32/4.8.1/../../../../mingw32/lib/crt2.o (_imp____set_app_type)
c:/mingw/bin/../lib/gcc/mingw32/4.8.1/../../../../mingw32/lib/libmsvcrt.a(dyqzs00646.o)
                              c:/mingw/bin/../lib/gcc/mingw32/4.8.1/../../../../mingw32/lib/crt2.o (_imp__atexit)
c:/mingw/bin/../lib/gcc/mingw32/4.8.1/../../../../mingw32/lib/libmsvcrt.a(dyqzs00417.o)
                              c:/mingw/bin/../lib/gcc/mingw32/4.8.1/../../../../mingw32/lib/crt2.o (_imp___onexit)
c:/mingw/bin/../lib/gcc/mingw32/4.8.1/../../../../mingw32/lib/libmsvcrt.a(dyqzs00762.o)
                              c:/mingw/bin/../lib/gcc/mingw32/4.8.1/../../../../mingw32/lib/crt2.o (signal)
c:/mingw/bin/../lib/gcc/mingw32/4.8.1/../../../../mingw32/lib/libmsvcrt.a(dyqzs00466.o)
                              c:/mingw/bin/../lib/gcc/mingw32/4.8.1/../../../../mingw32/lib/crt2.o (_setmode)
c:/mingw/bin/../lib/gcc/mingw32/4.8.1/../../../../mingw32/lib/libmsvcrt.a(dyqzs00084.o)
                              c:/mingw/bin/../lib/gcc/mingw32/4.8.1/../../../../mingw32/lib/crt2.o (__p__fmode)
c:/mingw/bin/../lib/gcc/mingw32/4.8.1/../../../../mingw32/lib/libmsvcrt.a(dyqzs00082.o)
                              c:/mingw/bin/../lib/gcc/mingw32/4.8.1/../../../../mingw32/lib/crt2.o (__p__environ)
c:/mingw/bin/../lib/gcc/mingw32/4.8.1/../../../../mingw32/lib/libmsvcrt.a(dyqzs00154.o)
                              c:/mingw/bin/../lib/gcc/mingw32/4.8.1/../../../../mingw32/lib/crt2.o (_cexit)
c:/mingw/bin/../lib/gcc/mingw32/4.8.1/../../../../mingw32/lib/libmsvcrt.a(dyqzs00708.o)
                              c:/mingw/bin/../lib/gcc/mingw32/4.8.1/../../../../mingw32/lib/crt2.o (isspace)
c:/mingw/bin/../lib/gcc/mingw32/4.8.1/../../../../mingw32/lib/libmsvcrt.a(dyqzs00059.o)
                              c:/mingw/bin/../lib/gcc/mingw32/4.8.1/../../../../mingw32/lib/crt2.o (__getmainargs)
c:/mingw/bin/../lib/gcc/mingw32/4.8.1/../../../../mingw32/lib/libmsvcrt.a(dyqzs00777.o)
                              cmdline.o (strlen)
c:/mingw/bin/../lib/gcc/mingw32/4.8.1/../../../../mingw32/lib/libmsvcrt.a(dyqzs00771.o)
                              cmdline.o (strcmp)
c:/mingw/bin/../lib/gcc/mingw32/4.8.1/../../../../mingw32/lib/libmsvcrt.a(dyqzs00770.o)
                              cmdline.o (strchr)
c:/mingw/bin/../lib/gcc/mingw32/4.8.1/../../../../mingw32/lib/libmsvcrt.a(dyqzs00648.o)
                              cmdline.o (atoi)
c:/mingw/bin/../lib/gcc/mingw32/4.8.1/../../../../mingw32/lib/libmsvcrt.a(dyqzs00674.o)
                              cmdline.o (fopen)
c:/mingw/bin/../lib/gcc/mingw32/4.8.1/../../../../mingw32/lib/libmsvcrt.a(dyqzs00667.o)
                              cmdline.o (fgetc)
c:/mingw/bin/../lib/gcc/mingw32/4.8.1/../../../../mingw32/lib/libmsvcrt.a(dyqzs00663.o)
                              cmdline.o (fclose)
c:/mingw/bin/../lib/gcc/mingw32/4.8.1/../../../../mingw32/lib/libmsvcrt.a(dyqzs00779.o)
                              cmdline.o (strncmp)
c:/mingw/bin/../lib/gcc/mingw32/4.8.1/../../../../mingw32/lib/libmsvcrt.a(dyqzs00144.o)
                              conf.o (_assert)
c:/mingw/bin/../lib/gcc/mingw32/4.8.1/../../../../mingw32/lib/libmsvcrt.a(dyqzs00738.o)
                              conf.o (memcpy)
c:/mingw/bin/../lib/gcc/mingw32/4.8.1/../../../../mingw32/lib/libmsvcrt.a(dyqzs00736.o)
                              conf.o (memchr)
c:/mingw/bin/../lib/gcc/mingw32/4.8.1/../../../../mingw32/lib/libmsvcrt.a(dyqzs00070.o)
                              ldisc.o (_imp____mb_cur_max)
c:/mingw/bin/../lib/gcc/mingw32/4.8.1/../../../../mingw32/lib/libmsvcrt.a(dyqzs00426.o)
                              ldisc.o (_imp___pctype)
c:/mingw/bin/../lib/gcc/mingw32/4.8.1/../../../../mingw32/lib/libmsvcrt.a(dyqzs00765.o)
                              ldisc.o (sprintf)
c:/mingw/bin/../lib/gcc/mingw32/4.8.1/../../../../mingw32/lib/libmsvcrt.a(dyqzs00298.o)
                              ldisc.o (_isctype)
c:/mingw/bin/../lib/gcc/mingw32/4.8.1/../../../../mingw32/lib/libmsvcrt.a(dyqzs00732.o)
                              logging.o (malloc)
c:/mingw/bin/../lib/gcc/mingw32/4.8.1/../../../../mingw32/lib/libmsvcrt.a(dyqzs00773.o)
                              logging.o (strcpy)
c:/mingw/bin/../lib/gcc/mingw32/4.8.1/../../../../mingw32/lib/libmsvcrt.a(dyqzs00681.o)
                              logging.o (free)
c:/mingw/bin/../lib/gcc/mingw32/4.8.1/../../../../mingw32/lib/libmsvcrt.a(dyqzs00414.o)
                              logging.o (_mktime64)
c:/mingw/bin/../lib/gcc/mingw32/4.8.1/../../../../mingw32/lib/libmsvcrt.a(dyqzs00776.o)
                              logging.o (strftime)
c:/mingw/bin/../lib/gcc/mingw32/4.8.1/../../../../mingw32/lib/libmsvcrt.a(dyqzs00689.o)
                              logging.o (fwrite)
c:/mingw/bin/../lib/gcc/mingw32/4.8.1/../../../../mingw32/lib/libmsvcrt.a(dyqzs00514.o)
                              logging.o (_time64)
c:/mingw/bin/../lib/gcc/mingw32/4.8.1/../../../../mingw32/lib/libmsvcrt.a(dyqzs00339.o)
                              logging.o (_localtime64)
c:/mingw/bin/../lib/gcc/mingw32/4.8.1/../../../../mingw32/lib/libmsvcrt.a(dyqzs00666.o)
                              logging.o (fflush)
c:/mingw/bin/../lib/gcc/mingw32/4.8.1/../../../../mingw32/lib/libmsvcrt.a(dyqzs00798.o)
                              logging.o (tolower)
c:/mingw/bin/../lib/gcc/mingw32/4.8.1/../../../../mingw32/lib/libmsvcrt.a(dyqzs00675.o)
                              logging.o (fprintf)
c:/mingw/bin/../lib/gcc/mingw32/4.8.1/../../../../mingw32/lib/libmsvcrt.a(dyqzs00788.o)
                              misc.o (strtoul)
c:/mingw/bin/../lib/gcc/mingw32/4.8.1/../../../../mingw32/lib/libmsvcrt.a(dyqzs00787.o)
                              misc.o (strtol)
c:/mingw/bin/../lib/gcc/mingw32/4.8.1/../../../../mingw32/lib/libmsvcrt.a(dyqzs00754.o)
                              misc.o (realloc)
c:/mingw/bin/../lib/gcc/mingw32/4.8.1/../../../../mingw32/lib/libmsvcrt.a(dyqzs00535.o)
                              misc.o (_vsnprintf)
c:/mingw/bin/../lib/gcc/mingw32/4.8.1/../../../../mingw32/lib/libmsvcrt.a(dyqzs00669.o)
                              misc.o (fgets)
c:/mingw/bin/../lib/gcc/mingw32/4.8.1/../../../../mingw32/lib/libmsvcrt.a(dyqzs00768.o)
                              proxy.o (sscanf)
c:/mingw/bin/../lib/gcc/mingw32/4.8.1/../../../../mingw32/lib/libmsvcrt.a(dyqzs00782.o)
                              raw.o (strrchr)
c:/mingw/bin/../lib/gcc/mingw32/4.8.1/../../../../mingw32/lib/libmsvcrt.a(dyqzs00783.o)
                              rlogin.o (strspn)
c:/mingw/bin/../lib/gcc/mingw32/4.8.1/../../../../mingw32/lib/libmsvcrt.a(dyqzs00740.o)
                              settings_nohyperlink.o (memset)
c:/mingw/bin/../lib/gcc/mingw32/4.8.1/../../../../mingw32/lib/libmsvcrt.a(dyqzs00677.o)
                              settings_nohyperlink.o (fputs)
c:/mingw/bin/../lib/gcc/mingw32/4.8.1/../../../../mingw32/lib/libmsvcrt.a(dyqzs00751.o)
                              settings_nohyperlink.o (qsort)
c:/mingw/bin/../lib/gcc/mingw32/4.8.1/../../../../mingw32/lib/libmsvcrt.a(dyqzs00739.o)
                              ssh.o (memmove)
c:/mingw/bin/../lib/gcc/mingw32/4.8.1/../../../../mingw32/lib/libmsvcrt.a(dyqzs00784.o)
                              ssh.o (strstr)
c:/mingw/bin/../lib/gcc/mingw32/4.8.1/../../../../mingw32/lib/libmsvcrt.a(dyqzs00774.o)
                              ssh.o (strcspn)
c:/mingw/bin/../lib/gcc/mingw32/4.8.1/../../../../mingw32/lib/libmsvcrt.a(dyqzs00737.o)
                              ssh.o (memcmp)
c:/mingw/bin/../lib/gcc/mingw32/4.8.1/../../../../mingw32/lib/libmsvcrt.a(dyqzs00676.o)
                              ssh.o (fputc)
c:/mingw/bin/../lib/gcc/mingw32/4.8.1/../../../../mingw32/lib/libmsvcrt.a(dyqzs00780.o)
                              ssh.o (strncpy)
c:/mingw/bin/../lib/gcc/mingw32/4.8.1/../../../../mingw32/lib/libmsvcrt.a(dyqzs00639.o)
                              sshbn.o (abort)
c:/mingw/bin/../lib/gcc/mingw32/4.8.1/../../../../mingw32/lib/libmsvcrt.a(dyqzs00680.o)
                              sshpubk.o (fread)
c:/mingw/bin/../lib/gcc/mingw32/4.8.1/../../../../mingw32/lib/libmsvcrt.a(dyqzs00802.o)
                              sshpubk.o (ungetc)
c:/mingw/bin/../lib/gcc/mingw32/4.8.1/../../../../mingw32/lib/libmsvcrt.a(dyqzs00660.o)
                              wincons.o (exit)
c:/mingw/bin/../lib/gcc/mingw32/4.8.1/../../../../mingw32/lib/libmsvcrt.a(dyqzs00693.o)
                              winmisc.o (getenv)
c:/mingw/bin/../lib/gcc/mingw32/4.8.1/../../../../mingw32/lib/libmsvcrt.a(dyqzs00748.o)
                              winplink.o (puts)
c:/mingw/bin/../lib/gcc/mingw32/4.8.1/../../../../mingw32/lib/libmsvcrt.a(dyqzs00745.o)
                              winplink.o (printf)
c:/mingw/bin/../lib/gcc/mingw32/4.8.1/../../../../mingw32/lib/libmsvcrt.a(dyqzs00804.o)
                              winplink.o (vfprintf)
c:/mingw/bin/../lib/gcc/mingw32/4.8.1/../../../../mingw32/lib/libmsvcrt.a(dyqzs00769.o)
                              winstore.o (strcat)
c:/mingw/bin/../lib/gcc/mingw32/4.8.1/../../../../mingw32/lib/libmsvcrt.a(dyqzs00651.o)
                              wincapi.o (calloc)
c:/mingw/bin/../lib/gcc/mingw32/4.8.1/../../../../mingw32/lib/libmsvcrt.a(dyqzs00439.o)
                              kitty_commun.o (_rmdir)
c:/mingw/bin/../lib/gcc/mingw32/4.8.1/../../../../mingw32/lib/libmsvcrt.a(dyqzs00799.o)
                              kitty_tools.o (toupper)
c:/mingw/bin/../lib/gcc/mingw32/4.8.1/../../../../mingw32/lib/libmsvcrt.a(dyqzs00486.o)
                              kitty_tools.o (_stat64)
c:/mingw/bin/../lib/gcc/mingw32/4.8.1/../../../../mingw32/lib/libmsvcrt.a(dyqzs00685.o)
                              kitty_tools.o (fseek)
c:/mingw/bin/../lib/gcc/mingw32/4.8.1/../../../../mingw32/lib/libmsvcrt.a(dyqzs00687.o)
                              kitty_tools.o (ftell)
c:/mingw/bin/../lib/gcc/mingw32/4.8.1/../../../../mingw32/lib/libmsvcrt.a(dyqzs00409.o)
                              kitty_tools.o (_mkdir)
c:/mingw/bin/../lib/gcc/mingw32/4.8.1/../../../../mingw32/lib/libmsvcrt.a(dyqzs00795.o)
                              ../../bcrypt.a(bcrypt.o) (time)
c:/mingw/bin/../lib/gcc/mingw32/4.8.1/../../../../mingw32/lib/libmsvcrt.a(dyqzs00767.o)
                              ../../bcrypt.a(bcrypt.o) (srand)
c:/mingw/bin/../lib/gcc/mingw32/4.8.1/../../../../mingw32/lib/libmsvcrt.a(dyqzs00753.o)
                              ../../bcrypt.a(bcrypt.o) (rand)
c:/mingw/bin/../lib/gcc/mingw32/4.8.1/../../../../mingw32/lib/libmsvcrt.a(dyqzs00341.o)
                              ../../mini.a(mini.o) (_locking)
c:/mingw/bin/../lib/gcc/mingw32/4.8.1/../../../../mingw32/lib/libmsvcrt.a(dyqzs00792.o)
                              ../../mini.a(mini.o) (system)
c:/mingw/bin/../lib/gcc/mingw32/4.8.1/../../../../mingw32/lib/libmsvcrt.a(dyqzs00772.o)
                              c:/mingw/bin/../lib/gcc/mingw32/4.8.1/../../../../mingw32/lib/libmingwex.a(glob.o) (strcoll)
c:/mingw/bin/../lib/gcc/mingw32/4.8.1/../../../../mingw32/lib/libmsvcrt.a(dyqzs00192.o)
                              c:/mingw/bin/../lib/gcc/mingw32/4.8.1/../../../../mingw32/lib/libmingwex.a(glob.o) (_errno)
c:/mingw/bin/../lib/gcc/mingw32/4.8.1/../../../../mingw32/lib/libmsvcrt.a(dyqzs00254.o)
                              c:/mingw/bin/../lib/gcc/mingw32/4.8.1/../../../../mingw32/lib/libmingwex.a(dirent.o) (_fullpath)
c:/mingw/bin/../lib/gcc/mingw32/4.8.1/../../../../mingw32/lib/libmsvcrt.a(dyqzs00216.o)
                              c:/mingw/bin/../lib/gcc/mingw32/4.8.1/../../../../mingw32/lib/libmingwex.a(dirent.o) (_findfirst)
c:/mingw/bin/../lib/gcc/mingw32/4.8.1/../../../../mingw32/lib/libmsvcrt.a(dyqzs00222.o)
                              c:/mingw/bin/../lib/gcc/mingw32/4.8.1/../../../../mingw32/lib/libmingwex.a(dirent.o) (_findnext)
c:/mingw/bin/../lib/gcc/mingw32/4.8.1/../../../../mingw32/lib/libmsvcrt.a(dyqzs00215.o)
                              c:/mingw/bin/../lib/gcc/mingw32/4.8.1/../../../../mingw32/lib/libmingwex.a(dirent.o) (_findclose)
c:/mingw/bin/../lib/gcc/mingw32/4.8.1/../../../../mingw32/lib/libmsvcrt.a(dyqzs00760.o)
                              c:/mingw/bin/../lib/gcc/mingw32/4.8.1/../../../../mingw32/lib/libmingwex.a(dirname.o) (setlocale)
c:/mingw/bin/../lib/gcc/mingw32/4.8.1/../../../../mingw32/lib/libmsvcrt.a(dyqzs00828.o)
                              c:/mingw/bin/../lib/gcc/mingw32/4.8.1/../../../../mingw32/lib/libmingwex.a(dirname.o) (wcstombs)
c:/mingw/bin/../lib/gcc/mingw32/4.8.1/../../../../mingw32/lib/libmsvcrt.a(dyqzs00734.o)
                              c:/mingw/bin/../lib/gcc/mingw32/4.8.1/../../../../mingw32/lib/libmingwex.a(dirname.o) (mbstowcs)
c:/mingw/bin/../lib/gcc/mingw32/4.8.1/../../../../mingw32/lib/libmsvcrt.a(dyqzh.o)
                              c:/mingw/bin/../lib/gcc/mingw32/4.8.1/../../../../mingw32/lib/libmsvcrt.a(dyqzs00296.o) (_head_libmsvcrt_a)
c:/mingw/bin/../lib/gcc/mingw32/4.8.1/../../../../mingw32/lib/libmsvcrt.a(dyqzt.o)
                              c:/mingw/bin/../lib/gcc/mingw32/4.8.1/../../../../mingw32/lib/libmsvcrt.a(dyqzh.o) (_libmsvcrt_a_iname)
c:/mingw/bin/../lib/gcc/mingw32/4.8.1/../../../../mingw32/lib/libkernel32.a(diqzs01140.o)
                              c:/mingw/bin/../lib/gcc/mingw32/4.8.1/../../../../mingw32/lib/crt2.o (SetUnhandledExceptionFilter@4)
c:/mingw/bin/../lib/gcc/mingw32/4.8.1/../../../../mingw32/lib/libkernel32.a(diqzs00388.o)
                              c:/mingw/bin/../lib/gcc/mingw32/4.8.1/../../../../mingw32/lib/crt2.o (GetCommandLineA@0)
c:/mingw/bin/../lib/gcc/mingw32/4.8.1/../../../../mingw32/lib/libkernel32.a(diqzs00279.o)
                              c:/mingw/bin/../lib/gcc/mingw32/4.8.1/../../../../mingw32/lib/crt2.o (ExitProcess@4)
c:/mingw/bin/../lib/gcc/mingw32/4.8.1/../../../../mingw32/lib/libkernel32.a(diqzs00529.o)
                              c:/mingw/bin/../lib/gcc/mingw32/4.8.1/crtbegin.o (GetModuleHandleA@4)
c:/mingw/bin/../lib/gcc/mingw32/4.8.1/../../../../mingw32/lib/libkernel32.a(diqzs00577.o)
                              c:/mingw/bin/../lib/gcc/mingw32/4.8.1/crtbegin.o (GetProcAddress@8)
c:/mingw/bin/../lib/gcc/mingw32/4.8.1/../../../../mingw32/lib/libkernel32.a(diqzs00511.o)
                              logging.o (GetLocalTime@4)
c:/mingw/bin/../lib/gcc/mingw32/4.8.1/../../../../mingw32/lib/libkernel32.a(diqzs00671.o)
                              settings_nohyperlink.o (GetVersionExA@4)
c:/mingw/bin/../lib/gcc/mingw32/4.8.1/../../../../mingw32/lib/libkernel32.a(diqzs00656.o)
                              ssh.o (GetTickCount@0)
c:/mingw/bin/../lib/gcc/mingw32/4.8.1/../../../../mingw32/lib/libkernel32.a(diqzs00608.o)
                              wincons.o (GetStdHandle@4)
c:/mingw/bin/../lib/gcc/mingw32/4.8.1/../../../../mingw32/lib/libkernel32.a(diqzs00426.o)
                              wincons.o (GetConsoleMode@8)
c:/mingw/bin/../lib/gcc/mingw32/4.8.1/../../../../mingw32/lib/libkernel32.a(diqzs01037.o)
                              wincons.o (SetConsoleMode@8)
c:/mingw/bin/../lib/gcc/mingw32/4.8.1/../../../../mingw32/lib/libkernel32.a(diqzs00947.o)
                              wincons.o (ReadFile@20)
c:/mingw/bin/../lib/gcc/mingw32/4.8.1/../../../../mingw32/lib/libkernel32.a(diqzs01267.o)
                              wincons.o (WriteFile@20)
c:/mingw/bin/../lib/gcc/mingw32/4.8.1/../../../../mingw32/lib/libkernel32.a(diqzs00817.o)
                              WINGSS.o (LoadLibraryA@4)
c:/mingw/bin/../lib/gcc/mingw32/4.8.1/../../../../mingw32/lib/libkernel32.a(diqzs00352.o)
                              WINGSS.o (FreeLibrary@4)
c:/mingw/bin/../lib/gcc/mingw32/4.8.1/../../../../mingw32/lib/libkernel32.a(diqzs01065.o)
                              winhandl.o (SetEvent@4)
c:/mingw/bin/../lib/gcc/mingw32/4.8.1/../../../../mingw32/lib/libkernel32.a(diqzs01223.o)
                              winhandl.o (WaitForSingleObject@8)
c:/mingw/bin/../lib/gcc/mingw32/4.8.1/../../../../mingw32/lib/libkernel32.a(diqzs00082.o)
                              winhandl.o (CloseHandle@4)
c:/mingw/bin/../lib/gcc/mingw32/4.8.1/../../../../mingw32/lib/libkernel32.a(diqzs00510.o)
                              winhandl.o (GetLastError@0)
c:/mingw/bin/../lib/gcc/mingw32/4.8.1/../../../../mingw32/lib/libkernel32.a(diqzs00564.o)
                              winhandl.o (GetOverlappedResult@16)
c:/mingw/bin/../lib/gcc/mingw32/4.8.1/../../../../mingw32/lib/libkernel32.a(diqzs00129.o)
                              winhandl.o (CreateEventA@16)
c:/mingw/bin/../lib/gcc/mingw32/4.8.1/../../../../mingw32/lib/libkernel32.a(diqzs00179.o)
                              winhandl.o (CreateThread@24)
c:/mingw/bin/../lib/gcc/mingw32/4.8.1/../../../../mingw32/lib/libkernel32.a(diqzs00619.o)
                              winmisc.o (GetSystemDirectoryA@8)
c:/mingw/bin/../lib/gcc/mingw32/4.8.1/../../../../mingw32/lib/libkernel32.a(diqzs00347.o)
                              winmisc.o (FormatMessageA@28)
c:/mingw/bin/../lib/gcc/mingw32/4.8.1/../../../../mingw32/lib/libkernel32.a(diqzs00682.o)
                              winnoise.o (GetWindowsDirectoryA@8)
c:/mingw/bin/../lib/gcc/mingw32/4.8.1/../../../../mingw32/lib/libkernel32.a(diqzs00304.o)
                              winnoise.o (FindFirstFileA@8)
c:/mingw/bin/../lib/gcc/mingw32/4.8.1/../../../../mingw32/lib/libkernel32.a(diqzs00321.o)
                              winnoise.o (FindNextFileA@8)
c:/mingw/bin/../lib/gcc/mingw32/4.8.1/../../../../mingw32/lib/libkernel32.a(diqzs00300.o)
                              winnoise.o (FindClose@4)
c:/mingw/bin/../lib/gcc/mingw32/4.8.1/../../../../mingw32/lib/libkernel32.a(diqzs00447.o)
                              winnoise.o (GetCurrentProcessId@0)
c:/mingw/bin/../lib/gcc/mingw32/4.8.1/../../../../mingw32/lib/libkernel32.a(diqzs00627.o)
                              winnoise.o (GetSystemTime@4)
c:/mingw/bin/../lib/gcc/mingw32/4.8.1/../../../../mingw32/lib/libkernel32.a(diqzs00628.o)
                              winnoise.o (GetSystemTimeAdjustment@12)
c:/mingw/bin/../lib/gcc/mingw32/4.8.1/../../../../mingw32/lib/libkernel32.a(diqzs00699.o)
                              winnoise.o (GlobalMemoryStatus@4)
c:/mingw/bin/../lib/gcc/mingw32/4.8.1/../../../../mingw32/lib/libkernel32.a(diqzs00450.o)
                              winnoise.o (GetCurrentThread@0)
c:/mingw/bin/../lib/gcc/mingw32/4.8.1/../../../../mingw32/lib/libkernel32.a(diqzs00653.o)
                              winnoise.o (GetThreadTimes@20)
c:/mingw/bin/../lib/gcc/mingw32/4.8.1/../../../../mingw32/lib/libkernel32.a(diqzs00446.o)
                              winnoise.o (GetCurrentProcess@0)
c:/mingw/bin/../lib/gcc/mingw32/4.8.1/../../../../mingw32/lib/libkernel32.a(diqzs00590.o)
                              winnoise.o (GetProcessTimes@20)
c:/mingw/bin/../lib/gcc/mingw32/4.8.1/../../../../mingw32/lib/libkernel32.a(diqzs00922.o)
                              winnoise.o (QueryPerformanceCounter@4)
c:/mingw/bin/../lib/gcc/mingw32/4.8.1/../../../../mingw32/lib/libkernel32.a(diqzs00885.o)
                              winpgntc.o (OpenProcess@12)
c:/mingw/bin/../lib/gcc/mingw32/4.8.1/../../../../mingw32/lib/libkernel32.a(diqzs00825.o)
                              winpgntc.o (LocalAlloc@8)
c:/mingw/bin/../lib/gcc/mingw32/4.8.1/../../../../mingw32/lib/libkernel32.a(diqzs00829.o)
                              winpgntc.o (LocalFree@4)
c:/mingw/bin/../lib/gcc/mingw32/4.8.1/../../../../mingw32/lib/libkernel32.a(diqzs00451.o)
                              winpgntc.o (GetCurrentThreadId@0)
c:/mingw/bin/../lib/gcc/mingw32/4.8.1/../../../../mingw32/lib/libkernel32.a(diqzs00136.o)
                              winpgntc.o (CreateFileMappingA@24)
c:/mingw/bin/../lib/gcc/mingw32/4.8.1/../../../../mingw32/lib/libkernel32.a(diqzs00844.o)
                              winpgntc.o (MapViewOfFile@20)
c:/mingw/bin/../lib/gcc/mingw32/4.8.1/../../../../mingw32/lib/libkernel32.a(diqzs01188.o)
                              winpgntc.o (UnmapViewOfFile@4)
c:/mingw/bin/../lib/gcc/mingw32/4.8.1/../../../../mingw32/lib/libkernel32.a(diqzs00495.o)
                              winplink.o (GetFileType@4)
c:/mingw/bin/../lib/gcc/mingw32/4.8.1/../../../../mingw32/lib/libkernel32.a(diqzs00160.o)
                              winproxy.o (CreatePipe@16)
c:/mingw/bin/../lib/gcc/mingw32/4.8.1/../../../../mingw32/lib/libkernel32.a(diqzs01088.o)
                              winproxy.o (SetHandleInformation@12)
c:/mingw/bin/../lib/gcc/mingw32/4.8.1/../../../../mingw32/lib/libkernel32.a(diqzs00163.o)
                              winproxy.o (CreateProcessA@40)
c:/mingw/bin/../lib/gcc/mingw32/4.8.1/../../../../mingw32/lib/libkernel32.a(diqzs00079.o)
                              winser.o (ClearCommBreak@4)
c:/mingw/bin/../lib/gcc/mingw32/4.8.1/../../../../mingw32/lib/libkernel32.a(diqzs01010.o)
                              winser.o (SetCommBreak@4)
c:/mingw/bin/../lib/gcc/mingw32/4.8.1/../../../../mingw32/lib/libkernel32.a(diqzs00386.o)
                              winser.o (GetCommState@8)
c:/mingw/bin/../lib/gcc/mingw32/4.8.1/../../../../mingw32/lib/libkernel32.a(diqzs01013.o)
                              winser.o (SetCommState@8)
c:/mingw/bin/../lib/gcc/mingw32/4.8.1/../../../../mingw32/lib/libkernel32.a(diqzs01014.o)
                              winser.o (SetCommTimeouts@8)
c:/mingw/bin/../lib/gcc/mingw32/4.8.1/../../../../mingw32/lib/libkernel32.a(diqzs00135.o)
                              winser.o (CreateFileA@28)
c:/mingw/bin/../lib/gcc/mingw32/4.8.1/../../../../mingw32/lib/libkernel32.a(diqzs01052.o)
                              winstore.o (SetCurrentDirectoryA@4)
c:/mingw/bin/../lib/gcc/mingw32/4.8.1/../../../../mingw32/lib/libkernel32.a(diqzs00123.o)
                              winstore.o (CreateDirectoryA@8)
c:/mingw/bin/../lib/gcc/mingw32/4.8.1/../../../../mingw32/lib/libkernel32.a(diqzs00282.o)
                              winstore.o (ExpandEnvironmentStringsA@12)
c:/mingw/bin/../lib/gcc/mingw32/4.8.1/../../../../mingw32/lib/libkernel32.a(diqzs00444.o)
                              winstore.o (GetCurrentDirectoryA@8)
c:/mingw/bin/../lib/gcc/mingw32/4.8.1/../../../../mingw32/lib/libkernel32.a(diqzs00492.o)
                              winstore.o (GetFileSize@8)
c:/mingw/bin/../lib/gcc/mingw32/4.8.1/../../../../mingw32/lib/libkernel32.a(diqzs00527.o)
                              winstore.o (GetModuleFileNameA@12)
c:/mingw/bin/../lib/gcc/mingw32/4.8.1/../../../../mingw32/lib/libkernel32.a(diqzs00209.o)
                              winstore.o (DeleteFileA@4)
c:/mingw/bin/../lib/gcc/mingw32/4.8.1/../../../../mingw32/lib/libkernel32.a(diqzs00687.o)
                              sc.o (GlobalAlloc@8)
c:/mingw/bin/../lib/gcc/mingw32/4.8.1/../../../../mingw32/lib/libkernel32.a(diqzs00698.o)
                              sc.o (GlobalLock@4)
c:/mingw/bin/../lib/gcc/mingw32/4.8.1/../../../../mingw32/lib/libkernel32.a(diqzs00705.o)
                              sc.o (GlobalUnlock@4)
c:/mingw/bin/../lib/gcc/mingw32/4.8.1/../../../../mingw32/lib/libkernel32.a(diqzs00481.o)
                              kitty_commun.o (GetFileAttributesA@4)
c:/mingw/bin/../lib/gcc/mingw32/4.8.1/../../../../mingw32/lib/libkernel32.a(diqzs01215.o)
                              c:/mingw/bin/../lib/gcc/mingw32/4.8.1/../../../../mingw32/lib/libmingw32.a(pseudo-reloc.o) (VirtualQuery@12)
c:/mingw/bin/../lib/gcc/mingw32/4.8.1/../../../../mingw32/lib/libkernel32.a(diqzs01213.o)
                              c:/mingw/bin/../lib/gcc/mingw32/4.8.1/../../../../mingw32/lib/libmingw32.a(pseudo-reloc.o) (VirtualProtect@16)
c:/mingw/bin/../lib/gcc/mingw32/4.8.1/../../../../mingw32/lib/libkernel32.a(diqzs00236.o)
                              c:/mingw/bin/../lib/gcc/mingw32/4.8.1/../../../../mingw32/lib/libmingw32.a(tlsthrd.o) (EnterCriticalSection@4)
c:/mingw/bin/../lib/gcc/mingw32/4.8.1/../../../../mingw32/lib/libkernel32.a(diqzs01173.o)
                              c:/mingw/bin/../lib/gcc/mingw32/4.8.1/../../../../mingw32/lib/libmingw32.a(tlsthrd.o) (TlsGetValue@4)
c:/mingw/bin/../lib/gcc/mingw32/4.8.1/../../../../mingw32/lib/libkernel32.a(diqzs00814.o)
                              c:/mingw/bin/../lib/gcc/mingw32/4.8.1/../../../../mingw32/lib/libmingw32.a(tlsthrd.o) (LeaveCriticalSection@4)
c:/mingw/bin/../lib/gcc/mingw32/4.8.1/../../../../mingw32/lib/libkernel32.a(diqzs00207.o)
                              c:/mingw/bin/../lib/gcc/mingw32/4.8.1/../../../../mingw32/lib/libmingw32.a(tlsthrd.o) (DeleteCriticalSection@4)
c:/mingw/bin/../lib/gcc/mingw32/4.8.1/../../../../mingw32/lib/libkernel32.a(diqzs00734.o)
                              c:/mingw/bin/../lib/gcc/mingw32/4.8.1/../../../../mingw32/lib/libmingw32.a(tlsthrd.o) (InitializeCriticalSection@4)
c:/mingw/bin/../lib/gcc/mingw32/4.8.1/../../../../mingw32/lib/libkernel32.a(diqzh.o)
                              c:/mingw/bin/../lib/gcc/mingw32/4.8.1/../../../../mingw32/lib/libkernel32.a(diqzs01140.o) (_head_libkernel32_a)
c:/mingw/bin/../lib/gcc/mingw32/4.8.1/../../../../mingw32/lib/libkernel32.a(diqzt.o)
                              c:/mingw/bin/../lib/gcc/mingw32/4.8.1/../../../../mingw32/lib/libkernel32.a(diqzh.o) (_libkernel32_a_iname)
c:/mingw/bin/../lib/gcc/mingw32/4.8.1/../../../../mingw32/lib/libmoldname.a(dovus00080.o)
                              c:/mingw/bin/../lib/gcc/mingw32/4.8.1/../../../../mingw32/lib/libmingwex.a(glob.o) (strdup)
c:/mingw/bin/../lib/gcc/mingw32/4.8.1/../../../../mingw32/lib/libmoldname.a(dovus00082.o)
                              c:/mingw/bin/../lib/gcc/mingw32/4.8.1/../../../../mingw32/lib/libmingwex.a(glob.o) (stricoll)

Allocating common symbols
Common symbol       size              file

p_WSAEnumNetworkEvents
                    0x4               winplink.o
p_WSAAsyncSelect    0x4               winplink.o
__DTOR_LIST__       0x8               c:/mingw/bin/../lib/gcc/mingw32/4.8.1/libgcc.a(_ctors.o)
loaded_session      0x4               winplink.o
outhandle           0x4               winplink.o
stdout_handle       0x4               winplink.o
term                0x4               winplink.o
connopen            0x4               winplink.o
p_select            0x4               winplink.o
default_port        0x4               winplink.o
urlhack_current_region
                    0x4               settings_nohyperlink.o
hinst               0x4               winplink.o
logbox              0x4               winplink.o
orig_console_mode   0x4               winplink.o
stderr_handle       0x4               winplink.o
p_WSAGetLastError   0x4               winplink.o
flags               0x4               winplink.o
osVersion           0x94              winmisc.o
__CTOR_LIST__       0x8               c:/mingw/bin/../lib/gcc/mingw32/4.8.1/libgcc.a(_ctors.o)
p_GetSecurityInfo   0x4               winpgntc.o
urlhack_mouse_old_y
                    0x4               settings_nohyperlink.o
cmdline_session_name
                    0x4               winplink.o
urlhack_liberal_regex
                    0x4               settings_nohyperlink.o
urlhack_mouse_old_x
                    0x4               settings_nohyperlink.o
next_noise_collection
                    0x4               sshrand.o
hwnd                0x4               winplink.o
inhandle            0x4               winplink.o
logctx              0x4               winplink.o
stdin_handle        0x4               winplink.o
netevent            0x4               winplink.o
default_protocol    0x4               winplink.o
p_WSAEventSelect    0x4               winplink.o
errhandle           0x4               winplink.o
urlhack_default_regex
                    0x4               settings_nohyperlink.o
